Archive member included to satisfy reference by file (symbol)

/opt/st/stm32cubeide_1.11.0/plugins/com.st.stm32cube.ide.mcu.externaltools.gnu-tools-for-stm32.10.3-2021.10.linux64_1.0.100.202210260954/tools/bin/../lib/gcc/arm-none-eabi/10.3.1/../../../../arm-none-eabi/lib/thumb/v7e-m+fp/hard/libc_nano.a(lib_a-errno.o)
                              ./Core/Src/syscalls.o (__errno)
/opt/st/stm32cubeide_1.11.0/plugins/com.st.stm32cube.ide.mcu.externaltools.gnu-tools-for-stm32.10.3-2021.10.linux64_1.0.100.202210260954/tools/bin/../lib/gcc/arm-none-eabi/10.3.1/../../../../arm-none-eabi/lib/thumb/v7e-m+fp/hard/libc_nano.a(lib_a-exit.o)
                              /opt/st/stm32cubeide_1.11.0/plugins/com.st.stm32cube.ide.mcu.externaltools.gnu-tools-for-stm32.10.3-2021.10.linux64_1.0.100.202210260954/tools/bin/../lib/gcc/arm-none-eabi/10.3.1/../../../../arm-none-eabi/lib/thumb/v7e-m+fp/hard/crt0.o (exit)
/opt/st/stm32cubeide_1.11.0/plugins/com.st.stm32cube.ide.mcu.externaltools.gnu-tools-for-stm32.10.3-2021.10.linux64_1.0.100.202210260954/tools/bin/../lib/gcc/arm-none-eabi/10.3.1/../../../../arm-none-eabi/lib/thumb/v7e-m+fp/hard/libc_nano.a(lib_a-impure.o)
                              /opt/st/stm32cubeide_1.11.0/plugins/com.st.stm32cube.ide.mcu.externaltools.gnu-tools-for-stm32.10.3-2021.10.linux64_1.0.100.202210260954/tools/bin/../lib/gcc/arm-none-eabi/10.3.1/../../../../arm-none-eabi/lib/thumb/v7e-m+fp/hard/libc_nano.a(lib_a-exit.o) (_global_impure_ptr)
/opt/st/stm32cubeide_1.11.0/plugins/com.st.stm32cube.ide.mcu.externaltools.gnu-tools-for-stm32.10.3-2021.10.linux64_1.0.100.202210260954/tools/bin/../lib/gcc/arm-none-eabi/10.3.1/../../../../arm-none-eabi/lib/thumb/v7e-m+fp/hard/libc_nano.a(lib_a-init.o)
                              /opt/st/stm32cubeide_1.11.0/plugins/com.st.stm32cube.ide.mcu.externaltools.gnu-tools-for-stm32.10.3-2021.10.linux64_1.0.100.202210260954/tools/bin/../lib/gcc/arm-none-eabi/10.3.1/../../../../arm-none-eabi/lib/thumb/v7e-m+fp/hard/crt0.o (__libc_init_array)
/opt/st/stm32cubeide_1.11.0/plugins/com.st.stm32cube.ide.mcu.externaltools.gnu-tools-for-stm32.10.3-2021.10.linux64_1.0.100.202210260954/tools/bin/../lib/gcc/arm-none-eabi/10.3.1/../../../../arm-none-eabi/lib/thumb/v7e-m+fp/hard/libc_nano.a(lib_a-memset.o)
                              /opt/st/stm32cubeide_1.11.0/plugins/com.st.stm32cube.ide.mcu.externaltools.gnu-tools-for-stm32.10.3-2021.10.linux64_1.0.100.202210260954/tools/bin/../lib/gcc/arm-none-eabi/10.3.1/../../../../arm-none-eabi/lib/thumb/v7e-m+fp/hard/crt0.o (memset)
/opt/st/stm32cubeide_1.11.0/plugins/com.st.stm32cube.ide.mcu.externaltools.gnu-tools-for-stm32.10.3-2021.10.linux64_1.0.100.202210260954/tools/bin/../lib/gcc/arm-none-eabi/10.3.1/thumb/v7e-m+fp/hard/libgcc.a(_arm_muldf3.o)
                              ./Drivers/EncoderCalibration/EncoderCalibration.o (__aeabi_dmul)
/opt/st/stm32cubeide_1.11.0/plugins/com.st.stm32cube.ide.mcu.externaltools.gnu-tools-for-stm32.10.3-2021.10.linux64_1.0.100.202210260954/tools/bin/../lib/gcc/arm-none-eabi/10.3.1/thumb/v7e-m+fp/hard/libgcc.a(_arm_addsubdf3.o)
                              ./Drivers/EncoderCalibration/EncoderCalibration.o (__aeabi_ui2d)
/opt/st/stm32cubeide_1.11.0/plugins/com.st.stm32cube.ide.mcu.externaltools.gnu-tools-for-stm32.10.3-2021.10.linux64_1.0.100.202210260954/tools/bin/../lib/gcc/arm-none-eabi/10.3.1/thumb/v7e-m+fp/hard/libgcc.a(_arm_muldivdf3.o)
                              ./Drivers/EncoderCalibration/EncoderCalibration.o (__aeabi_ddiv)
/opt/st/stm32cubeide_1.11.0/plugins/com.st.stm32cube.ide.mcu.externaltools.gnu-tools-for-stm32.10.3-2021.10.linux64_1.0.100.202210260954/tools/bin/../lib/gcc/arm-none-eabi/10.3.1/thumb/v7e-m+fp/hard/libgcc.a(_arm_fixunsdfsi.o)
                              ./Drivers/EncoderCalibration/EncoderCalibration.o (__aeabi_d2uiz)
/opt/st/stm32cubeide_1.11.0/plugins/com.st.stm32cube.ide.mcu.externaltools.gnu-tools-for-stm32.10.3-2021.10.linux64_1.0.100.202210260954/tools/bin/../lib/gcc/arm-none-eabi/10.3.1/thumb/v7e-m+fp/hard/libgcc.a(_aeabi_uldivmod.o)
                              ./Drivers/STM32G4xx_HAL_Driver/Src/stm32g4xx_hal_uart.o (__aeabi_uldivmod)
/opt/st/stm32cubeide_1.11.0/plugins/com.st.stm32cube.ide.mcu.externaltools.gnu-tools-for-stm32.10.3-2021.10.linux64_1.0.100.202210260954/tools/bin/../lib/gcc/arm-none-eabi/10.3.1/thumb/v7e-m+fp/hard/libgcc.a(_udivmoddi4.o)
                              /opt/st/stm32cubeide_1.11.0/plugins/com.st.stm32cube.ide.mcu.externaltools.gnu-tools-for-stm32.10.3-2021.10.linux64_1.0.100.202210260954/tools/bin/../lib/gcc/arm-none-eabi/10.3.1/thumb/v7e-m+fp/hard/libgcc.a(_aeabi_uldivmod.o) (__udivmoddi4)
/opt/st/stm32cubeide_1.11.0/plugins/com.st.stm32cube.ide.mcu.externaltools.gnu-tools-for-stm32.10.3-2021.10.linux64_1.0.100.202210260954/tools/bin/../lib/gcc/arm-none-eabi/10.3.1/thumb/v7e-m+fp/hard/libgcc.a(_dvmd_tls.o)
[...]
Memory Configuration

Name             Origin             Length             Attributes
RAM              0x0000000020000000 0x0000000000008000 xrw
FLASH            0x0000000008000000 0x0000000000020000 xr
*default*        0x0000000000000000 0xffffffffffffffff

Linker script and memory map

LOAD /opt/st/stm32cubeide_1.11.0/plugins/com.st.stm32cube.ide.mcu.externaltools.gnu-tools-for-stm32.10.3-2021.10.linux64_1.0.100.202210260954/tools/bin/../lib/gcc/arm-none-eabi/10.3.1/thumb/v7e-m+fp/hard/crti.o
LOAD /opt/st/stm32cubeide_1.11.0/plugins/com.st.stm32cube.ide.mcu.externaltools.gnu-tools-for-stm32.10.3-2021.10.linux64_1.0.100.202210260954/tools/bin/../lib/gcc/arm-none-eabi/10.3.1/thumb/v7e-m+fp/hard/crtbegin.o
LOAD /opt/st/stm32cubeide_1.11.0/plugins/com.st.stm32cube.ide.mcu.externaltools.gnu-tools-for-stm32.10.3-2021.10.linux64_1.0.100.202210260954/tools/bin/../lib/gcc/arm-none-eabi/10.3.1/../../../../arm-none-eabi/lib/thumb/v7e-m+fp/hard/crt0.o
LOAD ./Core/Src/main.o
LOAD ./Core/Src/stm32g4xx_hal_msp.o
LOAD ./Core/Src/stm32g4xx_it.o
LOAD ./Core/Src/syscalls.o
LOAD ./Core/Src/sysmem.o
LOAD ./Core/Src/system_stm32g4xx.o
LOAD ./Core/Startup/startup_stm32g431cbtx.o
LOAD ./Drivers/AS5x47PS/AS5x47P.o
LOAD ./Drivers/EncoderCalibration/EncoderCalibration.o
LOAD ./Drivers/STM32G4xx_HAL_Driver/Src/stm32g4xx_hal.o
LOAD ./Drivers/STM32G4xx_HAL_Driver/Src/stm32g4xx_hal_adc.o
LOAD ./Drivers/STM32G4xx_HAL_Driver/Src/stm32g4xx_hal_adc_ex.o
LOAD ./Drivers/STM32G4xx_HAL_Driver/Src/stm32g4xx_hal_comp.o
LOAD ./Drivers/STM32G4xx_HAL_Driver/Src/stm32g4xx_hal_cortex.o
LOAD ./Drivers/STM32G4xx_HAL_Driver/Src/stm32g4xx_hal_dac.o
LOAD ./Drivers/STM32G4xx_HAL_Driver/Src/stm32g4xx_hal_dac_ex.o
LOAD ./Drivers/STM32G4xx_HAL_Driver/Src/stm32g4xx_hal_dma.o
LOAD ./Drivers/STM32G4xx_HAL_Driver/Src/stm32g4xx_hal_dma_ex.o
LOAD ./Drivers/STM32G4xx_HAL_Driver/Src/stm32g4xx_hal_exti.o
LOAD ./Drivers/STM32G4xx_HAL_Driver/Src/stm32g4xx_hal_fdcan.o
LOAD ./Drivers/STM32G4xx_HAL_Driver/Src/stm32g4xx_hal_flash.o
LOAD ./Drivers/STM32G4xx_HAL_Driver/Src/stm32g4xx_hal_flash_ex.o
LOAD ./Drivers/STM32G4xx_HAL_Driver/Src/stm32g4xx_hal_flash_ramfunc.o
LOAD ./Drivers/STM32G4xx_HAL_Driver/Src/stm32g4xx_hal_gpio.o
LOAD ./Drivers/STM32G4xx_HAL_Driver/Src/stm32g4xx_hal_i2c.o
LOAD ./Drivers/STM32G4xx_HAL_Driver/Src/stm32g4xx_hal_i2c_ex.o
LOAD ./Drivers/STM32G4xx_HAL_Driver/Src/stm32g4xx_hal_pwr.o
LOAD ./Drivers/STM32G4xx_HAL_Driver/Src/stm32g4xx_hal_pwr_ex.o
LOAD ./Drivers/STM32G4xx_HAL_Driver/Src/stm32g4xx_hal_rcc.o
LOAD ./Drivers/STM32G4xx_HAL_Driver/Src/stm32g4xx_hal_rcc_ex.o
LOAD ./Drivers/STM32G4xx_HAL_Driver/Src/stm32g4xx_hal_spi.o
LOAD ./Drivers/STM32G4xx_HAL_Driver/Src/stm32g4xx_hal_spi_ex.o
LOAD ./Drivers/STM32G4xx_HAL_Driver/Src/stm32g4xx_hal_tim.o
LOAD ./Drivers/STM32G4xx_HAL_Driver/Src/stm32g4xx_hal_tim_ex.o
LOAD ./Drivers/STM32G4xx_HAL_Driver/Src/stm32g4xx_hal_uart.o
LOAD ./Drivers/STM32G4xx_HAL_Driver/Src/stm32g4xx_hal_uart_ex.o
LOAD ./Drivers/STM32G4xx_HAL_Driver/Src/stm32g4xx_ll_adc.o
START GROUP
LOAD /opt/st/stm32cubeide_1.11.0/plugins/com.st.stm32cube.ide.mcu.externaltools.gnu-tools-for-stm32.10.3-2021.10.linux64_1.0.100.202210260954/tools/bin/../lib/gcc/arm-none-eabi/10.3.1/../../../../arm-none-eabi/lib/thumb/v7e-m+fp/hard/libc_nano.a
LOAD /opt/st/stm32cubeide_1.11.0/plugins/com.st.stm32cube.ide.mcu.externaltools.gnu-tools-for-stm32.10.3-2021.10.linux64_1.0.100.202210260954/tools/bin/../lib/gcc/arm-none-eabi/10.3.1/../../../../arm-none-eabi/lib/thumb/v7e-m+fp/hard/libm.a
END GROUP
START GROUP
LOAD /opt/st/stm32cubeide_1.11.0/plugins/com.st.stm32cube.ide.mcu.externaltools.gnu-tools-for-stm32.10.3-2021.10.linux64_1.0.100.202210260954/tools/bin/../lib/gcc/arm-none-eabi/10.3.1/thumb/v7e-m+fp/hard/libgcc.a
LOAD /opt/st/stm32cubeide_1.11.0/plugins/com.st.stm32cube.ide.mcu.externaltools.gnu-tools-for-stm32.10.3-2021.10.linux64_1.0.100.202210260954/tools/bin/../lib/gcc/arm-none-eabi/10.3.1/../../../../arm-none-eabi/lib/thumb/v7e-m+fp/hard/libc_nano.a
END GROUP
START GROUP
LOAD /opt/st/stm32cubeide_1.11.0/plugins/com.st.stm32cube.ide.mcu.externaltools.gnu-tools-for-stm32.10.3-2021.10.linux64_1.0.100.202210260954/tools/bin/../lib/gcc/arm-none-eabi/10.3.1/thumb/v7e-m+fp/hard/libgcc.a
LOAD /opt/st/stm32cubeide_1.11.0/plugins/com.st.stm32cube.ide.mcu.externaltools.gnu-tools-for-stm32.10.3-2021.10.linux64_1.0.100.202210260954/tools/bin/../lib/gcc/arm-none-eabi/10.3.1/../../../../arm-none-eabi/lib/thumb/v7e-m+fp/hard/libc_nano.a
LOAD /opt/st/stm32cubeide_1.11.0/plugins/com.st.stm32cube.ide.mcu.externaltools.gnu-tools-for-stm32.10.3-2021.10.linux64_1.0.100.202210260954/tools/bin/../lib/gcc/arm-none-eabi/10.3.1/../../../../arm-none-eabi/lib/thumb/v7e-m+fp/hard/libnosys.a
END GROUP
START GROUP
LOAD /opt/st/stm32cubeide_1.11.0/plugins/com.st.stm32cube.ide.mcu.externaltools.gnu-tools-for-stm32.10.3-2021.10.linux64_1.0.100.202210260954/tools/bin/../lib/gcc/arm-none-eabi/10.3.1/thumb/v7e-m+fp/hard/libgcc.a
LOAD /opt/st/stm32cubeide_1.11.0/plugins/com.st.stm32cube.ide.mcu.externaltools.gnu-tools-for-stm32.10.3-2021.10.linux64_1.0.100.202210260954/tools/bin/../lib/gcc/arm-none-eabi/10.3.1/../../../../arm-none-eabi/lib/thumb/v7e-m+fp/hard/libc_nano.a
LOAD /opt/st/stm32cubeide_1.11.0/plugins/com.st.stm32cube.ide.mcu.externaltools.gnu-tools-for-stm32.10.3-2021.10.linux64_1.0.100.202210260954/tools/bin/../lib/gcc/arm-none-eabi/10.3.1/../../../../arm-none-eabi/lib/thumb/v7e-m+fp/hard/libnosys.a
END GROUP
LOAD /opt/st/stm32cubeide_1.11.0/plugins/com.st.stm32cube.ide.mcu.externaltools.gnu-tools-for-stm32.10.3-2021.10.linux64_1.0.100.202210260954/tools/bin/../lib/gcc/arm-none-eabi/10.3.1/thumb/v7e-m+fp/hard/crtend.o
LOAD /opt/st/stm32cubeide_1.11.0/plugins/com.st.stm32cube.ide.mcu.externaltools.gnu-tools-for-stm32.10.3-2021.10.linux64_1.0.100.202210260954/tools/bin/../lib/gcc/arm-none-eabi/10.3.1/thumb/v7e-m+fp/hard/crtn.o
                0x0000000020008000                _estack = (ORIGIN (RAM) + LENGTH (RAM))
                0x0000000000000200                _Min_Heap_Size = 0x200
                0x0000000000000400                _Min_Stack_Size = 0x400

.isr_vector     0x0000000008000000      0x1d8
                0x0000000008000000                . = ALIGN (0x4)
 *(.isr_vector)
 .isr_vector    0x0000000008000000      0x1d8 ./Core/Startup/startup_stm32g431cbtx.o
                0x0000000008000000                g_pfnVectors
                0x00000000080001d8                . = ALIGN (0x4)

.text           0x00000000080001d8     0x9088
                0x00000000080001d8                . = ALIGN (0x4)
 *(.text)
 .text          0x00000000080001d8       0x40 /opt/st/stm32cubeide_1.11.0/plugins/com.st.stm32cube.ide.mcu.externaltools.gnu-tools-for-stm32.10.3-2021.10.linux64_1.0.100.202210260954/tools/bin/../lib/gcc/arm-none-eabi/10.3.1/thumb/v7e-m+fp/hard/crtbegin.o
 .text          0x0000000008000218      0x378 /opt/st/stm32cubeide_1.11.0/plugins/com.st.stm32cube.ide.mcu.externaltools.gnu-tools-for-stm32.10.3-2021.10.linux64_1.0.100.202210260954/tools/bin/../lib/gcc/arm-none-eabi/10.3.1/thumb/v7e-m+fp/hard/libgcc.a(_arm_addsubdf3.o)
                0x0000000008000218                __aeabi_drsub
                0x0000000008000220                __aeabi_dsub
                0x0000000008000220                __subdf3
                0x0000000008000224                __adddf3
                0x0000000008000224                __aeabi_dadd
                0x000000000800049c                __aeabi_ui2d
                0x000000000800049c                __floatunsidf
                0x00000000080004bc                __floatsidf
                0x00000000080004bc                __aeabi_i2d
                0x00000000080004e0                __extendsfdf2
                0x00000000080004e0                __aeabi_f2d
                0x0000000008000524                __aeabi_ul2d
                0x0000000008000524                __floatundidf
                0x0000000008000534                __floatdidf
                0x0000000008000534                __aeabi_l2d
 .text          0x0000000008000590      0x424 /opt/st/stm32cubeide_1.11.0/plugins/com.st.stm32cube.ide.mcu.externaltools.gnu-tools-for-stm32.10.3-2021.10.linux64_1.0.100.202210260954/tools/bin/../lib/gcc/arm-none-eabi/10.3.1/thumb/v7e-m+fp/hard/libgcc.a(_arm_muldivdf3.o)
                0x0000000008000590                __aeabi_dmul
                0x0000000008000590                __muldf3
                0x00000000080007e4                __aeabi_ddiv
                0x00000000080007e4                __divdf3
 .text          0x00000000080009b4       0x40 /opt/st/stm32cubeide_1.11.0/plugins/com.st.stm32cube.ide.mcu.externaltools.gnu-tools-for-stm32.10.3-2021.10.linux64_1.0.100.202210260954/tools/bin/../lib/gcc/arm-none-eabi/10.3.1/thumb/v7e-m+fp/hard/libgcc.a(_arm_fixunsdfsi.o)
                0x00000000080009b4                __fixunsdfsi
                0x00000000080009b4                __aeabi_d2uiz
 .text          0x00000000080009f4       0x30 /opt/st/stm32cubeide_1.11.0/plugins/com.st.stm32cube.ide.mcu.externaltools.gnu-tools-for-stm32.10.3-2021.10.linux64_1.0.100.202210260954/tools/bin/../lib/gcc/arm-none-eabi/10.3.1/thumb/v7e-m+fp/hard/libgcc.a(_aeabi_uldivmod.o)
                0x00000000080009f4                __aeabi_uldivmod
 .text          0x0000000008000a24      0x2d0 /opt/st/stm32cubeide_1.11.0/plugins/com.st.stm32cube.ide.mcu.externaltools.gnu-tools-for-stm32.10.3-2021.10.linux64_1.0.100.202210260954/tools/bin/../lib/gcc/arm-none-eabi/10.3.1/thumb/v7e-m+fp/hard/libgcc.a(_udivmoddi4.o)
                0x0000000008000a24                __udivmoddi4
 .text          0x0000000008000cf4        0x4 /opt/st/stm32cubeide_1.11.0/plugins/com.st.stm32cube.ide.mcu.externaltools.gnu-tools-for-stm32.10.3-2021.10.linux64_1.0.100.202210260954/tools/bin/../lib/gcc/arm-none-eabi/10.3.1/thumb/v7e-m+fp/hard/libgcc.a(_dvmd_tls.o)
                0x0000000008000cf4                __aeabi_ldiv0
                0x0000000008000cf4                __aeabi_idiv0
 *(.text*)
 .text.main     0x0000000008000cf8      0x1c8 ./Core/Src/main.o
                0x0000000008000cf8                main
 .text.SystemClock_Config
                0x0000000008000ec0       0x94 ./Core/Src/main.o
                0x0000000008000ec0                SystemClock_Config
 .text.MX_ADC1_Init
                0x0000000008000f54       0xf0 ./Core/Src/main.o
 .text.MX_ADC2_Init
                0x0000000008001044       0xcc ./Core/Src/main.o
 .text.MX_COMP1_Init
                0x0000000008001110       0x4c ./Core/Src/main.o
 .text.MX_DAC3_Init
                0x000000000800115c       0x74 ./Core/Src/main.o
 .text.MX_FDCAN1_Init
                0x00000000080011d0       0x90 ./Core/Src/main.o
 .text.MX_I2C1_Init
                0x0000000008001260       0x80 ./Core/Src/main.o
 .text.MX_SPI1_Init
                0x00000000080012e0       0x7c ./Core/Src/main.o
 .text.MX_TIM1_Init
                0x000000000800135c      0x198 ./Core/Src/main.o
 .text.MX_TIM2_Init
                0x00000000080014f4       0x94 ./Core/Src/main.o
 .text.MX_TIM7_Init
                0x0000000008001588       0x70 ./Core/Src/main.o
 .text.MX_TIM17_Init
                0x00000000080015f8       0xf4 ./Core/Src/main.o
 .text.MX_USART3_UART_Init
                0x00000000080016ec       0x98 ./Core/Src/main.o
 .text.MX_GPIO_Init
                0x0000000008001784      0x120 ./Core/Src/main.o
 .text.Error_Handler
                0x00000000080018a4        0xa ./Core/Src/main.o
                0x00000000080018a4                Error_Handler
 *fill*         0x00000000080018ae        0x2 
 .text.HAL_MspInit
                0x00000000080018b0       0x48 ./Core/Src/stm32g4xx_hal_msp.o
                0x00000000080018b0                HAL_MspInit
 .text.HAL_ADC_MspInit
                0x00000000080018f8      0x17c ./Core/Src/stm32g4xx_hal_msp.o
                0x00000000080018f8                HAL_ADC_MspInit
 .text.HAL_COMP_MspInit
                0x0000000008001a74       0x68 ./Core/Src/stm32g4xx_hal_msp.o
                0x0000000008001a74                HAL_COMP_MspInit
 .text.HAL_DAC_MspInit
                0x0000000008001adc       0x40 ./Core/Src/stm32g4xx_hal_msp.o
                0x0000000008001adc                HAL_DAC_MspInit
 .text.HAL_FDCAN_MspInit
                0x0000000008001b1c       0xc4 ./Core/Src/stm32g4xx_hal_msp.o
                0x0000000008001b1c                HAL_FDCAN_MspInit
 .text.HAL_I2C_MspInit
                0x0000000008001be0       0xec ./Core/Src/stm32g4xx_hal_msp.o
                0x0000000008001be0                HAL_I2C_MspInit
 .text.HAL_SPI_MspInit
                0x0000000008001ccc       0x88 ./Core/Src/stm32g4xx_hal_msp.o
                0x0000000008001ccc                HAL_SPI_MspInit
 .text.HAL_TIM_Base_MspInit
                0x0000000008001d54       0xac ./Core/Src/stm32g4xx_hal_msp.o
                0x0000000008001d54                HAL_TIM_Base_MspInit
 .text.HAL_TIMEx_HallSensor_MspInit
                0x0000000008001e00       0x80 ./Core/Src/stm32g4xx_hal_msp.o
                0x0000000008001e00                HAL_TIMEx_HallSensor_MspInit
 .text.HAL_TIM_MspPostInit
                0x0000000008001e80      0x118 ./Core/Src/stm32g4xx_hal_msp.o
                0x0000000008001e80                HAL_TIM_MspPostInit
 .text.HAL_UART_MspInit
                0x0000000008001f98       0xb4 ./Core/Src/stm32g4xx_hal_msp.o
                0x0000000008001f98                HAL_UART_MspInit
 .text.NMI_Handler
                0x000000000800204c        0x6 ./Core/Src/stm32g4xx_it.o
                0x000000000800204c                NMI_Handler
 .text.HardFault_Handler
                0x0000000008002052        0x6 ./Core/Src/stm32g4xx_it.o
                0x0000000008002052                HardFault_Handler
 .text.MemManage_Handler
                0x0000000008002058        0x6 ./Core/Src/stm32g4xx_it.o
                0x0000000008002058                MemManage_Handler
 .text.BusFault_Handler
                0x000000000800205e        0x6 ./Core/Src/stm32g4xx_it.o
                0x000000000800205e                BusFault_Handler
 .text.UsageFault_Handler
                0x0000000008002064        0x6 ./Core/Src/stm32g4xx_it.o
                0x0000000008002064                UsageFault_Handler
 .text.SVC_Handler
                0x000000000800206a        0xe ./Core/Src/stm32g4xx_it.o
                0x000000000800206a                SVC_Handler
 .text.DebugMon_Handler
                0x0000000008002078        0xe ./Core/Src/stm32g4xx_it.o
                0x0000000008002078                DebugMon_Handler
 .text.PendSV_Handler
                0x0000000008002086        0xe ./Core/Src/stm32g4xx_it.o
                0x0000000008002086                PendSV_Handler
 .text.SysTick_Handler
                0x0000000008002094        0xc ./Core/Src/stm32g4xx_it.o
                0x0000000008002094                SysTick_Handler
 .text.FDCAN1_IT0_IRQHandler
                0x00000000080020a0       0x14 ./Core/Src/stm32g4xx_it.o
                0x00000000080020a0                FDCAN1_IT0_IRQHandler
 .text.TIM1_UP_TIM16_IRQHandler
                0x00000000080020b4       0x14 ./Core/Src/stm32g4xx_it.o
                0x00000000080020b4                TIM1_UP_TIM16_IRQHandler
 .text.TIM7_IRQHandler
                0x00000000080020c8       0x14 ./Core/Src/stm32g4xx_it.o
                0x00000000080020c8                TIM7_IRQHandler
 .text.SystemInit
                0x00000000080020dc       0x24 ./Core/Src/system_stm32g4xx.o
                0x00000000080020dc                SystemInit
 .text.Reset_Handler
                0x0000000008002100       0x50 ./Core/Startup/startup_stm32g431cbtx.o
                0x0000000008002100                Reset_Handler
 .text.Default_Handler
                0x0000000008002150        0x2 ./Core/Startup/startup_stm32g431cbtx.o
                0x0000000008002150                RTC_Alarm_IRQHandler
                0x0000000008002150                EXTI2_IRQHandler
                0x0000000008002150                TIM8_TRG_COM_IRQHandler
                0x0000000008002150                TIM8_CC_IRQHandler
                0x0000000008002150                TIM1_CC_IRQHandler
                0x0000000008002150                USB_HP_IRQHandler
                0x0000000008002150                CORDIC_IRQHandler
                0x0000000008002150                EXTI3_IRQHandler
                0x0000000008002150                I2C3_ER_IRQHandler
                0x0000000008002150                EXTI0_IRQHandler
                0x0000000008002150                I2C2_EV_IRQHandler
                0x0000000008002150                FPU_IRQHandler
                0x0000000008002150                FDCAN1_IT1_IRQHandler
                0x0000000008002150                ADC1_2_IRQHandler
                0x0000000008002150                SPI1_IRQHandler
                0x0000000008002150                TIM6_DAC_IRQHandler
                0x0000000008002150                TIM8_UP_IRQHandler
                0x0000000008002150                DMA2_Channel2_IRQHandler
                0x0000000008002150                DMA1_Channel4_IRQHandler
                0x0000000008002150                USART3_IRQHandler
                0x0000000008002150                TIM4_IRQHandler
                0x0000000008002150                DMA2_Channel1_IRQHandler
                0x0000000008002150                I2C1_EV_IRQHandler
                0x0000000008002150                DMA1_Channel6_IRQHandler
                0x0000000008002150                UART4_IRQHandler
                0x0000000008002150                DMA2_Channel4_IRQHandler
                0x0000000008002150                TIM3_IRQHandler
                0x0000000008002150                RCC_IRQHandler
                0x0000000008002150                DMA1_Channel1_IRQHandler
                0x0000000008002150                Default_Handler
                0x0000000008002150                RTC_TAMP_LSECSS_IRQHandler
                0x0000000008002150                FMAC_IRQHandler
                0x0000000008002150                EXTI15_10_IRQHandler
                0x0000000008002150                UCPD1_IRQHandler
                0x0000000008002150                I2C3_EV_IRQHandler
                0x0000000008002150                EXTI9_5_IRQHandler
                0x0000000008002150                RTC_WKUP_IRQHandler
                0x0000000008002150                PVD_PVM_IRQHandler
                0x0000000008002150                SPI2_IRQHandler
                0x0000000008002150                DMA2_Channel5_IRQHandler
                0x0000000008002150                CRS_IRQHandler
                0x0000000008002150                DMA1_Channel5_IRQHandler
                0x0000000008002150                USB_LP_IRQHandler
                0x0000000008002150                EXTI4_IRQHandler
                0x0000000008002150                RNG_IRQHandler
                0x0000000008002150                TIM1_TRG_COM_TIM17_IRQHandler
                0x0000000008002150                DMA1_Channel3_IRQHandler
                0x0000000008002150                WWDG_IRQHandler
                0x0000000008002150                LPUART1_IRQHandler
                0x0000000008002150                DMA2_Channel6_IRQHandler
                0x0000000008002150                TIM2_IRQHandler
                0x0000000008002150                COMP1_2_3_IRQHandler
                0x0000000008002150                EXTI1_IRQHandler
                0x0000000008002150                USART2_IRQHandler
                0x0000000008002150                I2C2_ER_IRQHandler
                0x0000000008002150                DMA1_Channel2_IRQHandler
                0x0000000008002150                TIM8_BRK_IRQHandler
                0x0000000008002150                FLASH_IRQHandler
                0x0000000008002150                USART1_IRQHandler
                0x0000000008002150                SPI3_IRQHandler
                0x0000000008002150                I2C1_ER_IRQHandler
                0x0000000008002150                LPTIM1_IRQHandler
                0x0000000008002150                DMAMUX_OVR_IRQHandler
                0x0000000008002150                USBWakeUp_IRQHandler
                0x0000000008002150                SAI1_IRQHandler
                0x0000000008002150                DMA2_Channel3_IRQHandler
                0x0000000008002150                COMP4_IRQHandler
                0x0000000008002150                TIM1_BRK_TIM15_IRQHandler
 *fill*         0x0000000008002152        0x2 
 .text.AS5047_SPI_Write
                0x0000000008002154       0xfc ./Drivers/AS5x47PS/AS5x47P.o
                0x0000000008002154                AS5047_SPI_Write
 .text.AS5047_SPI_Read
                0x0000000008002250       0xb0 ./Drivers/AS5x47PS/AS5x47P.o
                0x0000000008002250                AS5047_SPI_Read
 .text.AS5047_readRegister
                0x0000000008002300       0x56 ./Drivers/AS5x47PS/AS5x47P.o
                0x0000000008002300                AS5047_readRegister
 .text.AS5047_writeRegister
                0x0000000008002356       0x80 ./Drivers/AS5x47PS/AS5x47P.o
                0x0000000008002356                AS5047_writeRegister
 *fill*         0x00000000080023d6        0x2 
 .text.readData
                0x00000000080023d8       0xdc ./Drivers/AS5x47PS/AS5x47P.o
                0x00000000080023d8                readData
 .text.writeData
                0x00000000080024b4       0xd8 ./Drivers/AS5x47PS/AS5x47P.o
                0x00000000080024b4                writeData
 .text.parityCheck
                0x000000000800258c       0x58 ./Drivers/AS5x47PS/AS5x47P.o
                0x000000000800258c                parityCheck
 .text.readRegister
                0x00000000080025e4       0x74 ./Drivers/AS5x47PS/AS5x47P.o
                0x00000000080025e4                readRegister
 .text.getProgrammedZeroOffset
                0x0000000008002658       0xc2 ./Drivers/AS5x47PS/AS5x47P.o
                0x0000000008002658                getProgrammedZeroOffset
 .text.writeRegister
                0x000000000800271a       0x7c ./Drivers/AS5x47PS/AS5x47P.o
                0x000000000800271a                writeRegister
 *fill*         0x0000000008002796        0x2 
 .text.angleReading
                0x0000000008002798       0x38 ./Drivers/AS5x47PS/AS5x47P.o
                0x0000000008002798                angleReading
 .text.writeZeroReg
                0x00000000080027d0       0x44 ./Drivers/AS5x47PS/AS5x47P.o
                0x00000000080027d0                writeZeroReg
 .text.SetupABIwithoutPWM
                0x0000000008002814       0x76 ./Drivers/AS5x47PS/AS5x47P.o
                0x0000000008002814                SetupABIwithoutPWM
 .text.Check_ABI_SetCorrectly
                0x000000000800288a       0x64 ./Drivers/AS5x47PS/AS5x47P.o
                0x000000000800288a                Check_ABI_SetCorrectly
 *fill*         0x00000000080028ee        0x2 
 .text.GetAveragedAngleReading
                0x00000000080028f0       0x6c ./Drivers/AS5x47PS/AS5x47P.o
                0x00000000080028f0                GetAveragedAngleReading
 .text.setupCalibration
                0x000000000800295c       0x80 ./Drivers/EncoderCalibration/EncoderCalibration.o
                0x000000000800295c                setupCalibration
 .text.setPhaseU
                0x00000000080029dc       0x24 ./Drivers/EncoderCalibration/EncoderCalibration.o
                0x00000000080029dc                setPhaseU
 .text.setPhaseV
                0x0000000008002a00       0x24 ./Drivers/EncoderCalibration/EncoderCalibration.o
                0x0000000008002a00                setPhaseV
 .text.setPhaseW
                0x0000000008002a24       0x24 ./Drivers/EncoderCalibration/EncoderCalibration.o
                0x0000000008002a24                setPhaseW
 .text.TurnOffAllPhases
                0x0000000008002a48       0x2c ./Drivers/EncoderCalibration/EncoderCalibration.o
                0x0000000008002a48                TurnOffAllPhases
 .text.voltageOnPrincipalAxis
                0x0000000008002a74      0x124 ./Drivers/EncoderCalibration/EncoderCalibration.o
                0x0000000008002a74                voltageOnPrincipalAxis
 .text.HAL_Init
                0x0000000008002b98       0x30 ./Drivers/STM32G4xx_HAL_Driver/Src/stm32g4xx_hal.o
                0x0000000008002b98                HAL_Init
 .text.HAL_InitTick
                0x0000000008002bc8       0x74 ./Drivers/STM32G4xx_HAL_Driver/Src/stm32g4xx_hal.o
                0x0000000008002bc8                HAL_InitTick
 .text.HAL_IncTick
                0x0000000008002c3c       0x24 ./Drivers/STM32G4xx_HAL_Driver/Src/stm32g4xx_hal.o
                0x0000000008002c3c                HAL_IncTick
 .text.HAL_GetTick
                0x0000000008002c60       0x18 ./Drivers/STM32G4xx_HAL_Driver/Src/stm32g4xx_hal.o
                0x0000000008002c60                HAL_GetTick
 .text.HAL_Delay
                0x0000000008002c78       0x44 ./Drivers/STM32G4xx_HAL_Driver/Src/stm32g4xx_hal.o
                0x0000000008002c78                HAL_Delay
 .text.LL_ADC_SetCommonClock
                0x0000000008002cbc       0x26 ./Drivers/STM32G4xx_HAL_Driver/Src/stm32g4xx_hal_adc.o
 .text.LL_ADC_SetCommonPathInternalCh
                0x0000000008002ce2       0x26 ./Drivers/STM32G4xx_HAL_Driver/Src/stm32g4xx_hal_adc.o
 .text.LL_ADC_GetCommonPathInternalCh
                0x0000000008002d08       0x1c ./Drivers/STM32G4xx_HAL_Driver/Src/stm32g4xx_hal_adc.o
 .text.LL_ADC_SetOffset
                0x0000000008002d24       0x48 ./Drivers/STM32G4xx_HAL_Driver/Src/stm32g4xx_hal_adc.o
 .text.LL_ADC_GetOffsetChannel
                0x0000000008002d6c       0x2c ./Drivers/STM32G4xx_HAL_Driver/Src/stm32g4xx_hal_adc.o
 .text.LL_ADC_SetOffsetState
                0x0000000008002d98       0x36 ./Drivers/STM32G4xx_HAL_Driver/Src/stm32g4xx_hal_adc.o
 .text.LL_ADC_SetOffsetSign
                0x0000000008002dce       0x36 ./Drivers/STM32G4xx_HAL_Driver/Src/stm32g4xx_hal_adc.o
 .text.LL_ADC_SetOffsetSaturation
                0x0000000008002e04       0x36 ./Drivers/STM32G4xx_HAL_Driver/Src/stm32g4xx_hal_adc.o
 .text.LL_ADC_SetSamplingTimeCommonConfig
                0x0000000008002e3a       0x26 ./Drivers/STM32G4xx_HAL_Driver/Src/stm32g4xx_hal_adc.o
 .text.LL_ADC_REG_SetSequencerRanks
                0x0000000008002e60       0x58 ./Drivers/STM32G4xx_HAL_Driver/Src/stm32g4xx_hal_adc.o
 .text.LL_ADC_SetChannelSamplingTime
                0x0000000008002eb8       0x56 ./Drivers/STM32G4xx_HAL_Driver/Src/stm32g4xx_hal_adc.o
 *fill*         0x0000000008002f0e        0x2 
 .text.LL_ADC_SetChannelSingleDiff
                0x0000000008002f10       0x50 ./Drivers/STM32G4xx_HAL_Driver/Src/stm32g4xx_hal_adc.o
 .text.LL_ADC_DisableDeepPowerDown
                0x0000000008002f60       0x24 ./Drivers/STM32G4xx_HAL_Driver/Src/stm32g4xx_hal_adc.o
 .text.LL_ADC_IsDeepPowerDownEnabled
                0x0000000008002f84       0x28 ./Drivers/STM32G4xx_HAL_Driver/Src/stm32g4xx_hal_adc.o
 .text.LL_ADC_EnableInternalRegulator
                0x0000000008002fac       0x28 ./Drivers/STM32G4xx_HAL_Driver/Src/stm32g4xx_hal_adc.o
 .text.LL_ADC_IsInternalRegulatorEnabled
                0x0000000008002fd4       0x28 ./Drivers/STM32G4xx_HAL_Driver/Src/stm32g4xx_hal_adc.o
 .text.LL_ADC_IsEnabled
                0x0000000008002ffc       0x26 ./Drivers/STM32G4xx_HAL_Driver/Src/stm32g4xx_hal_adc.o
 .text.LL_ADC_REG_IsConversionOngoing
                0x0000000008003022       0x26 ./Drivers/STM32G4xx_HAL_Driver/Src/stm32g4xx_hal_adc.o
 .text.LL_ADC_INJ_IsConversionOngoing
                0x0000000008003048       0x26 ./Drivers/STM32G4xx_HAL_Driver/Src/stm32g4xx_hal_adc.o
 *fill*         0x000000000800306e        0x2 
 .text.HAL_ADC_Init
                0x0000000008003070      0x314 ./Drivers/STM32G4xx_HAL_Driver/Src/stm32g4xx_hal_adc.o
                0x0000000008003070                HAL_ADC_Init
 .text.HAL_ADC_ConfigChannel
                0x0000000008003384      0x7e0 ./Drivers/STM32G4xx_HAL_Driver/Src/stm32g4xx_hal_adc.o
                0x0000000008003384                HAL_ADC_ConfigChannel
 .text.LL_ADC_IsEnabled
                0x0000000008003b64       0x26 ./Drivers/STM32G4xx_HAL_Driver/Src/stm32g4xx_hal_adc_ex.o
 .text.LL_ADC_REG_IsConversionOngoing
                0x0000000008003b8a       0x26 ./Drivers/STM32G4xx_HAL_Driver/Src/stm32g4xx_hal_adc_ex.o
 .text.HAL_ADCEx_MultiModeConfigChannel
                0x0000000008003bb0      0x148 ./Drivers/STM32G4xx_HAL_Driver/Src/stm32g4xx_hal_adc_ex.o
                0x0000000008003bb0                HAL_ADCEx_MultiModeConfigChannel
 .text.LL_EXTI_EnableIT_0_31
                0x0000000008003cf8       0x24 ./Drivers/STM32G4xx_HAL_Driver/Src/stm32g4xx_hal_comp.o
 .text.LL_EXTI_DisableIT_0_31
                0x0000000008003d1c       0x28 ./Drivers/STM32G4xx_HAL_Driver/Src/stm32g4xx_hal_comp.o
 .text.LL_EXTI_EnableEvent_0_31
                0x0000000008003d44       0x24 ./Drivers/STM32G4xx_HAL_Driver/Src/stm32g4xx_hal_comp.o
 .text.LL_EXTI_DisableEvent_0_31
                0x0000000008003d68       0x28 ./Drivers/STM32G4xx_HAL_Driver/Src/stm32g4xx_hal_comp.o
 .text.LL_EXTI_EnableRisingTrig_0_31
                0x0000000008003d90       0x24 ./Drivers/STM32G4xx_HAL_Driver/Src/stm32g4xx_hal_comp.o
 .text.LL_EXTI_DisableRisingTrig_0_31
                0x0000000008003db4       0x28 ./Drivers/STM32G4xx_HAL_Driver/Src/stm32g4xx_hal_comp.o
 .text.LL_EXTI_EnableFallingTrig_0_31
                0x0000000008003ddc       0x24 ./Drivers/STM32G4xx_HAL_Driver/Src/stm32g4xx_hal_comp.o
 .text.LL_EXTI_DisableFallingTrig_0_31
                0x0000000008003e00       0x28 ./Drivers/STM32G4xx_HAL_Driver/Src/stm32g4xx_hal_comp.o
 .text.LL_EXTI_ClearFlag_0_31
                0x0000000008003e28       0x20 ./Drivers/STM32G4xx_HAL_Driver/Src/stm32g4xx_hal_comp.o
 .text.HAL_COMP_Init
                0x0000000008003e48      0x1b8 ./Drivers/STM32G4xx_HAL_Driver/Src/stm32g4xx_hal_comp.o
                0x0000000008003e48                HAL_COMP_Init
 .text.__NVIC_SetPriorityGrouping
                0x0000000008004000       0x48 ./Drivers/STM32G4xx_HAL_Driver/Src/stm32g4xx_hal_cortex.o
 .text.__NVIC_GetPriorityGrouping
                0x0000000008004048       0x1c ./Drivers/STM32G4xx_HAL_Driver/Src/stm32g4xx_hal_cortex.o
 .text.__NVIC_EnableIRQ
                0x0000000008004064       0x3c ./Drivers/STM32G4xx_HAL_Driver/Src/stm32g4xx_hal_cortex.o
 .text.__NVIC_SetPriority
                0x00000000080040a0       0x54 ./Drivers/STM32G4xx_HAL_Driver/Src/stm32g4xx_hal_cortex.o
 .text.NVIC_EncodePriority
                0x00000000080040f4       0x66 ./Drivers/STM32G4xx_HAL_Driver/Src/stm32g4xx_hal_cortex.o
 *fill*         0x000000000800415a        0x2 
 .text.SysTick_Config
                0x000000000800415c       0x44 ./Drivers/STM32G4xx_HAL_Driver/Src/stm32g4xx_hal_cortex.o
 .text.HAL_NVIC_SetPriorityGrouping
                0x00000000080041a0       0x16 ./Drivers/STM32G4xx_HAL_Driver/Src/stm32g4xx_hal_cortex.o
                0x00000000080041a0                HAL_NVIC_SetPriorityGrouping
 .text.HAL_NVIC_SetPriority
                0x00000000080041b6       0x34 ./Drivers/STM32G4xx_HAL_Driver/Src/stm32g4xx_hal_cortex.o
                0x00000000080041b6                HAL_NVIC_SetPriority
 .text.HAL_NVIC_EnableIRQ
                0x00000000080041ea       0x1c ./Drivers/STM32G4xx_HAL_Driver/Src/stm32g4xx_hal_cortex.o
                0x00000000080041ea                HAL_NVIC_EnableIRQ
 .text.HAL_SYSTICK_Config
                0x0000000008004206       0x18 ./Drivers/STM32G4xx_HAL_Driver/Src/stm32g4xx_hal_cortex.o
                0x0000000008004206                HAL_SYSTICK_Config
 .text.HAL_DAC_Init
                0x000000000800421e       0x44 ./Drivers/STM32G4xx_HAL_Driver/Src/stm32g4xx_hal_dac.o
                0x000000000800421e                HAL_DAC_Init
 *fill*         0x0000000008004262        0x2 
 .text.HAL_DAC_ConfigChannel
                0x0000000008004264      0x350 ./Drivers/STM32G4xx_HAL_Driver/Src/stm32g4xx_hal_dac.o
                0x0000000008004264                HAL_DAC_ConfigChannel
 .text.HAL_FDCAN_Init
                0x00000000080045b4      0x2b4 ./Drivers/STM32G4xx_HAL_Driver/Src/stm32g4xx_hal_fdcan.o
                0x00000000080045b4                HAL_FDCAN_Init
 .text.HAL_FDCAN_IRQHandler
                0x0000000008004868      0x272 ./Drivers/STM32G4xx_HAL_Driver/Src/stm32g4xx_hal_fdcan.o
                0x0000000008004868                HAL_FDCAN_IRQHandler
 .text.HAL_FDCAN_TxEventFifoCallback
                0x0000000008004ada       0x16 ./Drivers/STM32G4xx_HAL_Driver/Src/stm32g4xx_hal_fdcan.o
                0x0000000008004ada                HAL_FDCAN_TxEventFifoCallback
 .text.HAL_FDCAN_RxFifo0Callback
                0x0000000008004af0       0x16 ./Drivers/STM32G4xx_HAL_Driver/Src/stm32g4xx_hal_fdcan.o
                0x0000000008004af0                HAL_FDCAN_RxFifo0Callback
 .text.HAL_FDCAN_RxFifo1Callback
                0x0000000008004b06       0x16 ./Drivers/STM32G4xx_HAL_Driver/Src/stm32g4xx_hal_fdcan.o
                0x0000000008004b06                HAL_FDCAN_RxFifo1Callback
 .text.HAL_FDCAN_TxFifoEmptyCallback
                0x0000000008004b1c       0x14 ./Drivers/STM32G4xx_HAL_Driver/Src/stm32g4xx_hal_fdcan.o
                0x0000000008004b1c                HAL_FDCAN_TxFifoEmptyCallback
 .text.HAL_FDCAN_TxBufferCompleteCallback
                0x0000000008004b30       0x16 ./Drivers/STM32G4xx_HAL_Driver/Src/stm32g4xx_hal_fdcan.o
                0x0000000008004b30                HAL_FDCAN_TxBufferCompleteCallback
 .text.HAL_FDCAN_TxBufferAbortCallback
                0x0000000008004b46       0x16 ./Drivers/STM32G4xx_HAL_Driver/Src/stm32g4xx_hal_fdcan.o
                0x0000000008004b46                HAL_FDCAN_TxBufferAbortCallback
 .text.HAL_FDCAN_TimestampWraparoundCallback
                0x0000000008004b5c       0x14 ./Drivers/STM32G4xx_HAL_Driver/Src/stm32g4xx_hal_fdcan.o
                0x0000000008004b5c                HAL_FDCAN_TimestampWraparoundCallback
 .text.HAL_FDCAN_TimeoutOccurredCallback
                0x0000000008004b70       0x14 ./Drivers/STM32G4xx_HAL_Driver/Src/stm32g4xx_hal_fdcan.o
                0x0000000008004b70                HAL_FDCAN_TimeoutOccurredCallback
 .text.HAL_FDCAN_HighPriorityMessageCallback
                0x0000000008004b84       0x14 ./Drivers/STM32G4xx_HAL_Driver/Src/stm32g4xx_hal_fdcan.o
                0x0000000008004b84                HAL_FDCAN_HighPriorityMessageCallback
 .text.HAL_FDCAN_ErrorCallback
                0x0000000008004b98       0x14 ./Drivers/STM32G4xx_HAL_Driver/Src/stm32g4xx_hal_fdcan.o
                0x0000000008004b98                HAL_FDCAN_ErrorCallback
 .text.HAL_FDCAN_ErrorStatusCallback
                0x0000000008004bac       0x16 ./Drivers/STM32G4xx_HAL_Driver/Src/stm32g4xx_hal_fdcan.o
                0x0000000008004bac                HAL_FDCAN_ErrorStatusCallback
 *fill*         0x0000000008004bc2        0x2 
 .text.FDCAN_CalcultateRamBlockAddresses
                0x0000000008004bc4       0xac ./Drivers/STM32G4xx_HAL_Driver/Src/stm32g4xx_hal_fdcan.o
 .text.HAL_GPIO_Init
                0x0000000008004c70      0x304 ./Drivers/STM32G4xx_HAL_Driver/Src/stm32g4xx_hal_gpio.o
                0x0000000008004c70                HAL_GPIO_Init
 .text.HAL_GPIO_WritePin
                0x0000000008004f74       0x30 ./Drivers/STM32G4xx_HAL_Driver/Src/stm32g4xx_hal_gpio.o
                0x0000000008004f74                HAL_GPIO_WritePin
 .text.HAL_I2C_Init
                0x0000000008004fa4      0x11e ./Drivers/STM32G4xx_HAL_Driver/Src/stm32g4xx_hal_i2c.o
                0x0000000008004fa4                HAL_I2C_Init
 .text.HAL_I2CEx_ConfigAnalogFilter
                0x00000000080050c2       0x96 ./Drivers/STM32G4xx_HAL_Driver/Src/stm32g4xx_hal_i2c_ex.o
                0x00000000080050c2                HAL_I2CEx_ConfigAnalogFilter
 .text.HAL_I2CEx_ConfigDigitalFilter
                0x0000000008005158       0x98 ./Drivers/STM32G4xx_HAL_Driver/Src/stm32g4xx_hal_i2c_ex.o
                0x0000000008005158                HAL_I2CEx_ConfigDigitalFilter
 .text.HAL_PWREx_ControlVoltageScaling
                0x00000000080051f0      0x148 ./Drivers/STM32G4xx_HAL_Driver/Src/stm32g4xx_hal_pwr_ex.o
                0x00000000080051f0                HAL_PWREx_ControlVoltageScaling
 .text.HAL_PWREx_DisableUCPDDeadBattery
                0x0000000008005338       0x20 ./Drivers/STM32G4xx_HAL_Driver/Src/stm32g4xx_hal_pwr_ex.o
                0x0000000008005338                HAL_PWREx_DisableUCPDDeadBattery
 .text.HAL_RCC_OscConfig
                0x0000000008005358      0x630 ./Drivers/STM32G4xx_HAL_Driver/Src/stm32g4xx_hal_rcc.o
                0x0000000008005358                HAL_RCC_OscConfig
 .text.HAL_RCC_ClockConfig
                0x0000000008005988      0x278 ./Drivers/STM32G4xx_HAL_Driver/Src/stm32g4xx_hal_rcc.o
                0x0000000008005988                HAL_RCC_ClockConfig
 .text.HAL_RCC_GetSysClockFreq
                0x0000000008005c00       0xc0 ./Drivers/STM32G4xx_HAL_Driver/Src/stm32g4xx_hal_rcc.o
                0x0000000008005c00                HAL_RCC_GetSysClockFreq
 .text.HAL_RCC_GetHCLKFreq
                0x0000000008005cc0       0x18 ./Drivers/STM32G4xx_HAL_Driver/Src/stm32g4xx_hal_rcc.o
                0x0000000008005cc0                HAL_RCC_GetHCLKFreq
 .text.HAL_RCC_GetPCLK1Freq
                0x0000000008005cd8       0x2c ./Drivers/STM32G4xx_HAL_Driver/Src/stm32g4xx_hal_rcc.o
                0x0000000008005cd8                HAL_RCC_GetPCLK1Freq
 .text.HAL_RCC_GetPCLK2Freq
                0x0000000008005d04       0x2c ./Drivers/STM32G4xx_HAL_Driver/Src/stm32g4xx_hal_rcc.o
                0x0000000008005d04                HAL_RCC_GetPCLK2Freq
 .text.RCC_GetSysClockFreqFromPLLSource
                0x0000000008005d30       0x88 ./Drivers/STM32G4xx_HAL_Driver/Src/stm32g4xx_hal_rcc.o
 .text.HAL_RCCEx_PeriphCLKConfig
                0x0000000008005db8      0x3e0 ./Drivers/STM32G4xx_HAL_Driver/Src/stm32g4xx_hal_rcc_ex.o
                0x0000000008005db8                HAL_RCCEx_PeriphCLKConfig
 .text.HAL_SPI_Init
                0x0000000008006198      0x156 ./Drivers/STM32G4xx_HAL_Driver/Src/stm32g4xx_hal_spi.o
                0x0000000008006198                HAL_SPI_Init
 .text.HAL_SPI_TransmitReceive
                0x00000000080062ee      0x426 ./Drivers/STM32G4xx_HAL_Driver/Src/stm32g4xx_hal_spi.o
                0x00000000080062ee                HAL_SPI_TransmitReceive
 .text.SPI_WaitFlagStateUntilTimeout
                0x0000000008006714      0x110 ./Drivers/STM32G4xx_HAL_Driver/Src/stm32g4xx_hal_spi.o
 .text.SPI_WaitFifoStateUntilTimeout
                0x0000000008006824      0x12c ./Drivers/STM32G4xx_HAL_Driver/Src/stm32g4xx_hal_spi.o
 .text.SPI_EndRxTxTransaction
                0x0000000008006950       0x8c ./Drivers/STM32G4xx_HAL_Driver/Src/stm32g4xx_hal_spi.o
 .text.HAL_TIM_Base_Init
                0x00000000080069dc       0xae ./Drivers/STM32G4xx_HAL_Driver/Src/stm32g4xx_hal_tim.o
                0x00000000080069dc                HAL_TIM_Base_Init
 *fill*         0x0000000008006a8a        0x2 
 .text.HAL_TIM_Base_Start_IT
                0x0000000008006a8c       0xd4 ./Drivers/STM32G4xx_HAL_Driver/Src/stm32g4xx_hal_tim.o
                0x0000000008006a8c                HAL_TIM_Base_Start_IT
 .text.HAL_TIM_PWM_Init
                0x0000000008006b60       0xae ./Drivers/STM32G4xx_HAL_Driver/Src/stm32g4xx_hal_tim.o
                0x0000000008006b60                HAL_TIM_PWM_Init
 .text.HAL_TIM_PWM_MspInit
                0x0000000008006c0e       0x14 ./Drivers/STM32G4xx_HAL_Driver/Src/stm32g4xx_hal_tim.o
                0x0000000008006c0e                HAL_TIM_PWM_MspInit
 *fill*         0x0000000008006c22        0x2 
 .text.HAL_TIM_PWM_Start_IT
                0x0000000008006c24      0x298 ./Drivers/STM32G4xx_HAL_Driver/Src/stm32g4xx_hal_tim.o
                0x0000000008006c24                HAL_TIM_PWM_Start_IT
 .text.HAL_TIM_IRQHandler
                0x0000000008006ebc      0x2fe ./Drivers/STM32G4xx_HAL_Driver/Src/stm32g4xx_hal_tim.o
                0x0000000008006ebc                HAL_TIM_IRQHandler
 *fill*         0x00000000080071ba        0x2 
 .text.HAL_TIM_PWM_ConfigChannel
                0x00000000080071bc      0x228 ./Drivers/STM32G4xx_HAL_Driver/Src/stm32g4xx_hal_tim.o
                0x00000000080071bc                HAL_TIM_PWM_ConfigChannel
 .text.HAL_TIM_ConfigClockSource
                0x00000000080073e4      0x1f4 ./Drivers/STM32G4xx_HAL_Driver/Src/stm32g4xx_hal_tim.o
                0x00000000080073e4                HAL_TIM_ConfigClockSource
 .text.HAL_TIM_PeriodElapsedCallback
                0x00000000080075d8       0x14 ./Drivers/STM32G4xx_HAL_Driver/Src/stm32g4xx_hal_tim.o
                0x00000000080075d8                HAL_TIM_PeriodElapsedCallback
 .text.HAL_TIM_OC_DelayElapsedCallback
                0x00000000080075ec       0x14 ./Drivers/STM32G4xx_HAL_Driver/Src/stm32g4xx_hal_tim.o
                0x00000000080075ec                HAL_TIM_OC_DelayElapsedCallback
 .text.HAL_TIM_IC_CaptureCallback
                0x0000000008007600       0x14 ./Drivers/STM32G4xx_HAL_Driver/Src/stm32g4xx_hal_tim.o
                0x0000000008007600                HAL_TIM_IC_CaptureCallback
 .text.HAL_TIM_PWM_PulseFinishedCallback
                0x0000000008007614       0x14 ./Drivers/STM32G4xx_HAL_Driver/Src/stm32g4xx_hal_tim.o
                0x0000000008007614                HAL_TIM_PWM_PulseFinishedCallback
 .text.HAL_TIM_TriggerCallback
                0x0000000008007628       0x14 ./Drivers/STM32G4xx_HAL_Driver/Src/stm32g4xx_hal_tim.o
                0x0000000008007628                HAL_TIM_TriggerCallback
 .text.TIM_Base_SetConfig
                0x000000000800763c      0x120 ./Drivers/STM32G4xx_HAL_Driver/Src/stm32g4xx_hal_tim.o
                0x000000000800763c                TIM_Base_SetConfig
 .text.TIM_OC1_SetConfig
                0x000000000800775c      0x120 ./Drivers/STM32G4xx_HAL_Driver/Src/stm32g4xx_hal_tim.o
 .text.TIM_OC2_SetConfig
                0x000000000800787c      0x114 ./Drivers/STM32G4xx_HAL_Driver/Src/stm32g4xx_hal_tim.o
                0x000000000800787c                TIM_OC2_SetConfig
 .text.TIM_OC3_SetConfig
                0x0000000008007990      0x110 ./Drivers/STM32G4xx_HAL_Driver/Src/stm32g4xx_hal_tim.o
 .text.TIM_OC4_SetConfig
                0x0000000008007aa0      0x114 ./Drivers/STM32G4xx_HAL_Driver/Src/stm32g4xx_hal_tim.o
 .text.TIM_OC5_SetConfig
                0x0000000008007bb4       0xc8 ./Drivers/STM32G4xx_HAL_Driver/Src/stm32g4xx_hal_tim.o
 .text.TIM_OC6_SetConfig
                0x0000000008007c7c       0xcc ./Drivers/STM32G4xx_HAL_Driver/Src/stm32g4xx_hal_tim.o
 .text.TIM_TI1_SetConfig
                0x0000000008007d48       0xd0 ./Drivers/STM32G4xx_HAL_Driver/Src/stm32g4xx_hal_tim.o
                0x0000000008007d48                TIM_TI1_SetConfig
 .text.TIM_TI1_ConfigInputStage
                0x0000000008007e18       0x5e ./Drivers/STM32G4xx_HAL_Driver/Src/stm32g4xx_hal_tim.o
 .text.TIM_TI2_ConfigInputStage
                0x0000000008007e76       0x60 ./Drivers/STM32G4xx_HAL_Driver/Src/stm32g4xx_hal_tim.o
 .text.TIM_ITRx_SetConfig
                0x0000000008007ed6       0x3a ./Drivers/STM32G4xx_HAL_Driver/Src/stm32g4xx_hal_tim.o
 .text.TIM_ETR_SetConfig
                0x0000000008007f10       0x40 ./Drivers/STM32G4xx_HAL_Driver/Src/stm32g4xx_hal_tim.o
                0x0000000008007f10                TIM_ETR_SetConfig
 .text.TIM_CCxChannelCmd
                0x0000000008007f50       0x4a ./Drivers/STM32G4xx_HAL_Driver/Src/stm32g4xx_hal_tim.o
                0x0000000008007f50                TIM_CCxChannelCmd
 .text.HAL_TIMEx_HallSensor_Init
                0x0000000008007f9a      0x15e ./Drivers/STM32G4xx_HAL_Driver/Src/stm32g4xx_hal_tim_ex.o
                0x0000000008007f9a                HAL_TIMEx_HallSensor_Init
 .text.HAL_TIMEx_PWMN_Start_IT
                0x00000000080080f8      0x210 ./Drivers/STM32G4xx_HAL_Driver/Src/stm32g4xx_hal_tim_ex.o
                0x00000000080080f8                HAL_TIMEx_PWMN_Start_IT
 .text.HAL_TIMEx_MasterConfigSynchronization
                0x0000000008008308      0x104 ./Drivers/STM32G4xx_HAL_Driver/Src/stm32g4xx_hal_tim_ex.o
                0x0000000008008308                HAL_TIMEx_MasterConfigSynchronization
 .text.HAL_TIMEx_ConfigBreakDeadTime
                0x000000000800840c      0x140 ./Drivers/STM32G4xx_HAL_Driver/Src/stm32g4xx_hal_tim_ex.o
                0x000000000800840c                HAL_TIMEx_ConfigBreakDeadTime
 .text.HAL_TIMEx_EnableDeadTimePreload
                0x000000000800854c       0x26 ./Drivers/STM32G4xx_HAL_Driver/Src/stm32g4xx_hal_tim_ex.o
                0x000000000800854c                HAL_TIMEx_EnableDeadTimePreload
 .text.HAL_TIMEx_CommutCallback
                0x0000000008008572       0x14 ./Drivers/STM32G4xx_HAL_Driver/Src/stm32g4xx_hal_tim_ex.o
                0x0000000008008572                HAL_TIMEx_CommutCallback
 .text.HAL_TIMEx_BreakCallback
                0x0000000008008586       0x14 ./Drivers/STM32G4xx_HAL_Driver/Src/stm32g4xx_hal_tim_ex.o
                0x0000000008008586                HAL_TIMEx_BreakCallback
 .text.HAL_TIMEx_Break2Callback
                0x000000000800859a       0x14 ./Drivers/STM32G4xx_HAL_Driver/Src/stm32g4xx_hal_tim_ex.o
                0x000000000800859a                HAL_TIMEx_Break2Callback
 .text.HAL_TIMEx_EncoderIndexCallback
                0x00000000080085ae       0x14 ./Drivers/STM32G4xx_HAL_Driver/Src/stm32g4xx_hal_tim_ex.o
                0x00000000080085ae                HAL_TIMEx_EncoderIndexCallback
 .text.HAL_TIMEx_DirectionChangeCallback
                0x00000000080085c2       0x14 ./Drivers/STM32G4xx_HAL_Driver/Src/stm32g4xx_hal_tim_ex.o
                0x00000000080085c2                HAL_TIMEx_DirectionChangeCallback
 .text.HAL_TIMEx_IndexErrorCallback
                0x00000000080085d6       0x14 ./Drivers/STM32G4xx_HAL_Driver/Src/stm32g4xx_hal_tim_ex.o
                0x00000000080085d6                HAL_TIMEx_IndexErrorCallback
 .text.HAL_TIMEx_TransitionErrorCallback
                0x00000000080085ea       0x14 ./Drivers/STM32G4xx_HAL_Driver/Src/stm32g4xx_hal_tim_ex.o
                0x00000000080085ea                HAL_TIMEx_TransitionErrorCallback
 .text.TIM_CCxNChannelCmd
                0x00000000080085fe       0x4a ./Drivers/STM32G4xx_HAL_Driver/Src/stm32g4xx_hal_tim_ex.o
 .text.HAL_UART_Init
                0x0000000008008648       0xa0 ./Drivers/STM32G4xx_HAL_Driver/Src/stm32g4xx_hal_uart.o
                0x0000000008008648                HAL_UART_Init
 .text.UART_SetConfig
                0x00000000080086e8      0x598 ./Drivers/STM32G4xx_HAL_Driver/Src/stm32g4xx_hal_uart.o
                0x00000000080086e8                UART_SetConfig
 .text.UART_AdvFeatureConfig
                0x0000000008008c80      0x144 ./Drivers/STM32G4xx_HAL_Driver/Src/stm32g4xx_hal_uart.o
                0x0000000008008c80                UART_AdvFeatureConfig
 .text.UART_CheckIdleState
                0x0000000008008dc4       0x96 ./Drivers/STM32G4xx_HAL_Driver/Src/stm32g4xx_hal_uart.o
                0x0000000008008dc4                UART_CheckIdleState
 .text.UART_WaitOnFlagUntilTimeout
                0x0000000008008e5a      0x190 ./Drivers/STM32G4xx_HAL_Driver/Src/stm32g4xx_hal_uart.o
                0x0000000008008e5a                UART_WaitOnFlagUntilTimeout
 .text.HAL_UARTEx_DisableFifoMode
                0x0000000008008fea       0x72 ./Drivers/STM32G4xx_HAL_Driver/Src/stm32g4xx_hal_uart_ex.o
                0x0000000008008fea                HAL_UARTEx_DisableFifoMode
 .text.HAL_UARTEx_SetTxFifoThreshold
                0x000000000800905c       0x7c ./Drivers/STM32G4xx_HAL_Driver/Src/stm32g4xx_hal_uart_ex.o
                0x000000000800905c                HAL_UARTEx_SetTxFifoThreshold
 .text.HAL_UARTEx_SetRxFifoThreshold
                0x00000000080090d8       0x7c ./Drivers/STM32G4xx_HAL_Driver/Src/stm32g4xx_hal_uart_ex.o
                0x00000000080090d8                HAL_UARTEx_SetRxFifoThreshold
 .text.UARTEx_SetNbDataToProcess
                0x0000000008009154       0x9c ./Drivers/STM32G4xx_HAL_Driver/Src/stm32g4xx_hal_uart_ex.o
 .text.__libc_init_array
                0x00000000080091f0       0x48 /opt/st/stm32cubeide_1.11.0/plugins/com.st.stm32cube.ide.mcu.externaltools.gnu-tools-for-stm32.10.3-2021.10.linux64_1.0.100.202210260954/tools/bin/../lib/gcc/arm-none-eabi/10.3.1/../../../../arm-none-eabi/lib/thumb/v7e-m+fp/hard/libc_nano.a(lib_a-init.o)
                0x00000000080091f0                __libc_init_array
 .text.memset   0x0000000008009238       0x10 /opt/st/stm32cubeide_1.11.0/plugins/com.st.stm32cube.ide.mcu.externaltools.gnu-tools-for-stm32.10.3-2021.10.linux64_1.0.100.202210260954/tools/bin/../lib/gcc/arm-none-eabi/10.3.1/../../../../arm-none-eabi/lib/thumb/v7e-m+fp/hard/libc_nano.a(lib_a-memset.o)
                0x0000000008009238                memset
 *(.glue_7)
 .glue_7        0x0000000008009248        0x0 linker stubs
 *(.glue_7t)
 .glue_7t       0x0000000008009248        0x0 linker stubs
 *(.eh_frame)
 .eh_frame      0x0000000008009248        0x0 /opt/st/stm32cubeide_1.11.0/plugins/com.st.stm32cube.ide.mcu.externaltools.gnu-tools-for-stm32.10.3-2021.10.linux64_1.0.100.202210260954/tools/bin/../lib/gcc/arm-none-eabi/10.3.1/thumb/v7e-m+fp/hard/crtbegin.o
 *(.init)
 .init          0x0000000008009248        0x4 /opt/st/stm32cubeide_1.11.0/plugins/com.st.stm32cube.ide.mcu.externaltools.gnu-tools-for-stm32.10.3-2021.10.linux64_1.0.100.202210260954/tools/bin/../lib/gcc/arm-none-eabi/10.3.1/thumb/v7e-m+fp/hard/crti.o
                0x0000000008009248                _init
 .init          0x000000000800924c        0x8 /opt/st/stm32cubeide_1.11.0/plugins/com.st.stm32cube.ide.mcu.externaltools.gnu-tools-for-stm32.10.3-2021.10.linux64_1.0.100.202210260954/tools/bin/../lib/gcc/arm-none-eabi/10.3.1/thumb/v7e-m+fp/hard/crtn.o
 *(.fini)
 .fini          0x0000000008009254        0x4 /opt/st/stm32cubeide_1.11.0/plugins/com.st.stm32cube.ide.mcu.externaltools.gnu-tools-for-stm32.10.3-2021.10.linux64_1.0.100.202210260954/tools/bin/../lib/gcc/arm-none-eabi/10.3.1/thumb/v7e-m+fp/hard/crti.o
                0x0000000008009254                _fini
 .fini          0x0000000008009258        0x8 /opt/st/stm32cubeide_1.11.0/plugins/com.st.stm32cube.ide.mcu.externaltools.gnu-tools-for-stm32.10.3-2021.10.linux64_1.0.100.202210260954/tools/bin/../lib/gcc/arm-none-eabi/10.3.1/thumb/v7e-m+fp/hard/crtn.o
                0x0000000008009260                . = ALIGN (0x4)
                0x0000000008009260                _etext = .

.vfp11_veneer   0x0000000008009260        0x0
 .vfp11_veneer  0x0000000008009260        0x0 linker stubs

.v4_bx          0x0000000008009260        0x0
 .v4_bx         0x0000000008009260        0x0 linker stubs

.iplt           0x0000000008009260        0x0
 .iplt          0x0000000008009260        0x0 /opt/st/stm32cubeide_1.11.0/plugins/com.st.stm32cube.ide.mcu.externaltools.gnu-tools-for-stm32.10.3-2021.10.linux64_1.0.100.202210260954/tools/bin/../lib/gcc/arm-none-eabi/10.3.1/thumb/v7e-m+fp/hard/crtbegin.o

.rodata         0x0000000008009260       0x40
                0x0000000008009260                . = ALIGN (0x4)
 *(.rodata)
 *(.rodata*)
 .rodata.AHBPrescTable
                0x0000000008009260       0x10 ./Core/Src/system_stm32g4xx.o
                0x0000000008009260                AHBPrescTable
 .rodata.APBPrescTable
                0x0000000008009270        0x8 ./Core/Src/system_stm32g4xx.o
                0x0000000008009270                APBPrescTable
 .rodata.UARTPrescTable
                0x0000000008009278       0x18 ./Drivers/STM32G4xx_HAL_Driver/Src/stm32g4xx_hal_uart.o
                0x0000000008009278                UARTPrescTable
 .rodata.numerator.1
                0x0000000008009290        0x8 ./Drivers/STM32G4xx_HAL_Driver/Src/stm32g4xx_hal_uart_ex.o
 .rodata.denominator.0
                0x0000000008009298        0x8 ./Drivers/STM32G4xx_HAL_Driver/Src/stm32g4xx_hal_uart_ex.o
                0x00000000080092a0                . = ALIGN (0x4)

.ARM.extab      0x00000000080092a0        0x0
                0x00000000080092a0                . = ALIGN (0x4)
 *(.ARM.extab* .gnu.linkonce.armextab.*)
                0x00000000080092a0                . = ALIGN (0x4)

.ARM            0x00000000080092a0        0x8
                0x00000000080092a0                . = ALIGN (0x4)
                0x00000000080092a0                __exidx_start = .
 *(.ARM.exidx*)
 .ARM.exidx     0x00000000080092a0        0x8 /opt/st/stm32cubeide_1.11.0/plugins/com.st.stm32cube.ide.mcu.externaltools.gnu-tools-for-stm32.10.3-2021.10.linux64_1.0.100.202210260954/tools/bin/../lib/gcc/arm-none-eabi/10.3.1/thumb/v7e-m+fp/hard/libgcc.a(_udivmoddi4.o)
                0x00000000080092a8                __exidx_end = .
                0x00000000080092a8                . = ALIGN (0x4)

.rel.dyn        0x00000000080092a8        0x0
 .rel.iplt      0x00000000080092a8        0x0 /opt/st/stm32cubeide_1.11.0/plugins/com.st.stm32cube.ide.mcu.externaltools.gnu-tools-for-stm32.10.3-2021.10.linux64_1.0.100.202210260954/tools/bin/../lib/gcc/arm-none-eabi/10.3.1/thumb/v7e-m+fp/hard/crtbegin.o

.preinit_array  0x00000000080092a8        0x0
                0x00000000080092a8                . = ALIGN (0x4)
                0x00000000080092a8                PROVIDE (__preinit_array_start = .)
 *(.preinit_array*)
                0x00000000080092a8                PROVIDE (__preinit_array_end = .)
                0x00000000080092a8                . = ALIGN (0x4)

.init_array     0x00000000080092a8        0x4
                0x00000000080092a8                . = ALIGN (0x4)
                0x00000000080092a8                PROVIDE (__init_array_start = .)
 *(SORT_BY_NAME(.init_array.*))
 *(.init_array*)
 .init_array    0x00000000080092a8        0x4 /opt/st/stm32cubeide_1.11.0/plugins/com.st.stm32cube.ide.mcu.externaltools.gnu-tools-for-stm32.10.3-2021.10.linux64_1.0.100.202210260954/tools/bin/../lib/gcc/arm-none-eabi/10.3.1/thumb/v7e-m+fp/hard/crtbegin.o
                0x00000000080092ac                PROVIDE (__init_array_end = .)
                0x00000000080092ac                . = ALIGN (0x4)

.fini_array     0x00000000080092ac        0x4
                0x00000000080092ac                . = ALIGN (0x4)
                [!provide]                        PROVIDE (__fini_array_start = .)
 *(SORT_BY_NAME(.fini_array.*))
 *(.fini_array*)
 .fini_array    0x00000000080092ac        0x4 /opt/st/stm32cubeide_1.11.0/plugins/com.st.stm32cube.ide.mcu.externaltools.gnu-tools-for-stm32.10.3-2021.10.linux64_1.0.100.202210260954/tools/bin/../lib/gcc/arm-none-eabi/10.3.1/thumb/v7e-m+fp/hard/crtbegin.o
                [!provide]                        PROVIDE (__fini_array_end = .)
                0x00000000080092b0                . = ALIGN (0x4)
                0x00000000080092b0                _sidata = LOADADDR (.data)

.data           0x0000000020000000        0xc load address 0x00000000080092b0
                0x0000000020000000                . = ALIGN (0x4)
                0x0000000020000000                _sdata = .
 *(.data)
 *(.data*)
 .data.SystemCoreClock
                0x0000000020000000        0x4 ./Core/Src/system_stm32g4xx.o
                0x0000000020000000                SystemCoreClock
 .data.uwTickPrio
                0x0000000020000004        0x4 ./Drivers/STM32G4xx_HAL_Driver/Src/stm32g4xx_hal.o
                0x0000000020000004                uwTickPrio
 .data.uwTickFreq
                0x0000000020000008        0x4 ./Drivers/STM32G4xx_HAL_Driver/Src/stm32g4xx_hal.o
                0x0000000020000008                uwTickFreq
 *(.RamFunc)
 *(.RamFunc*)
                0x000000002000000c                . = ALIGN (0x4)
                0x000000002000000c                _edata = .

.igot.plt       0x000000002000000c        0x0 load address 0x00000000080092bc
 .igot.plt      0x000000002000000c        0x0 /opt/st/stm32cubeide_1.11.0/plugins/com.st.stm32cube.ide.mcu.externaltools.gnu-tools-for-stm32.10.3-2021.10.linux64_1.0.100.202210260954/tools/bin/../lib/gcc/arm-none-eabi/10.3.1/thumb/v7e-m+fp/hard/crtbegin.o
                0x000000002000000c                . = ALIGN (0x4)

.bss            0x000000002000000c      0x4b0 load address 0x00000000080092bc
                0x000000002000000c                _sbss = .
                0x000000002000000c                __bss_start__ = _sbss
 *(.bss)
 .bss           0x000000002000000c       0x1c /opt/st/stm32cubeide_1.11.0/plugins/com.st.stm32cube.ide.mcu.externaltools.gnu-tools-for-stm32.10.3-2021.10.linux64_1.0.100.202210260954/tools/bin/../lib/gcc/arm-none-eabi/10.3.1/thumb/v7e-m+fp/hard/crtbegin.o
 *(.bss*)
 .bss.hadc1     0x0000000020000028       0x6c ./Core/Src/main.o
                0x0000000020000028                hadc1
 .bss.hadc2     0x0000000020000094       0x6c ./Core/Src/main.o
                0x0000000020000094                hadc2
 .bss.hcomp1    0x0000000020000100       0x24 ./Core/Src/main.o
                0x0000000020000100                hcomp1
 .bss.hdac3     0x0000000020000124       0x14 ./Core/Src/main.o
                0x0000000020000124                hdac3
 .bss.hfdcan1   0x0000000020000138       0x64 ./Core/Src/main.o
                0x0000000020000138                hfdcan1
 .bss.hi2c1     0x000000002000019c       0x4c ./Core/Src/main.o
                0x000000002000019c                hi2c1
 .bss.hspi1     0x00000000200001e8       0x64 ./Core/Src/main.o
                0x00000000200001e8                hspi1
 .bss.htim1     0x000000002000024c       0x4c ./Core/Src/main.o
                0x000000002000024c                htim1
 .bss.htim2     0x0000000020000298       0x4c ./Core/Src/main.o
                0x0000000020000298                htim2
 .bss.htim7     0x00000000200002e4       0x4c ./Core/Src/main.o
                0x00000000200002e4                htim7
 .bss.htim17    0x0000000020000330       0x4c ./Core/Src/main.o
                0x0000000020000330                htim17
 .bss.huart3    0x000000002000037c       0x90 ./Core/Src/main.o
                0x000000002000037c                huart3
 .bss.settings1Reg
                0x000000002000040c        0x2 ./Core/Src/main.o
                0x000000002000040c                settings1Reg
 *fill*         0x000000002000040e        0x2 
 .bss.settings2Reg
                0x0000000020000410        0x1 ./Core/Src/main.o
                0x0000000020000410                settings2Reg
 .bss.abiSettingsOK
                0x0000000020000411        0x1 ./Core/Src/main.o
                0x0000000020000411                abiSettingsOK
 .bss.swButton  0x0000000020000412        0x1 ./Core/Src/main.o
                0x0000000020000412                swButton
 *fill*         0x0000000020000413        0x1 
 .bss.angleArray
                0x0000000020000414       0x3e ./Core/Src/main.o
                0x0000000020000414                angleArray
 *fill*         0x0000000020000452        0x2 
 .bss.ppeAxisArray
                0x0000000020000454       0x3e ./Core/Src/main.o
                0x0000000020000454                ppeAxisArray
 .bss.ppe_axis  0x0000000020000492        0x1 ./Core/Src/main.o
                0x0000000020000492                ppe_axis
 *fill*         0x0000000020000493        0x1 
 .bss.zeroPos   0x0000000020000494        0x2 ./Core/Src/main.o
                0x0000000020000494                zeroPos
 .bss.zeroRegisterUpdated
                0x0000000020000496        0x1 ./Core/Src/main.o
                0x0000000020000496                zeroRegisterUpdated
 *fill*         0x0000000020000497        0x1 
 .bss.HAL_RCC_ADC12_CLK_ENABLED
                0x0000000020000498        0x4 ./Core/Src/stm32g4xx_hal_msp.o
 .bss.transmitVar
                0x000000002000049c        0x2 ./Drivers/AS5x47PS/AS5x47P.o
                0x000000002000049c                transmitVar
 *fill*         0x000000002000049e        0x2 
 .bss.txbuf     0x00000000200004a0        0x2 ./Drivers/AS5x47PS/AS5x47P.o
                0x00000000200004a0                txbuf
 *fill*         0x00000000200004a2        0x2 
 .bss.rxbuf     0x00000000200004a4        0x2 ./Drivers/AS5x47PS/AS5x47P.o
                0x00000000200004a4                rxbuf
 *fill*         0x00000000200004a6        0x2 
 .bss.finalrxbuf
                0x00000000200004a8        0x2 ./Drivers/AS5x47PS/AS5x47P.o
                0x00000000200004a8                finalrxbuf
 .bss.finalDataVal
                0x00000000200004aa        0x2 ./Drivers/AS5x47PS/AS5x47P.o
                0x00000000200004aa                finalDataVal
 .bss.angle     0x00000000200004ac        0x2 ./Drivers/AS5x47PS/AS5x47P.o
                0x00000000200004ac                angle
 *fill*         0x00000000200004ae        0x2 
 .bss.angleArrayEnc
                0x00000000200004b0        0x4 ./Drivers/AS5x47PS/AS5x47P.o
                0x00000000200004b0                angleArrayEnc
 .bss.encCalib_delayTime
                0x00000000200004b4        0x2 ./Drivers/EncoderCalibration/EncoderCalibration.o
                0x00000000200004b4                encCalib_delayTime
 .bss.encCalib_pwmVal
                0x00000000200004b6        0x2 ./Drivers/EncoderCalibration/EncoderCalibration.o
                0x00000000200004b6                encCalib_pwmVal
 .bss.uwTick    0x00000000200004b8        0x4 ./Drivers/STM32G4xx_HAL_Driver/Src/stm32g4xx_hal.o
                0x00000000200004b8                uwTick
 *(COMMON)
                0x00000000200004bc                . = ALIGN (0x4)
                0x00000000200004bc                _ebss = .
                0x00000000200004bc                __bss_end__ = _ebss

._user_heap_stack
                0x00000000200004bc      0x604 load address 0x00000000080092bc
                0x00000000200004c0                . = ALIGN (0x8)
 *fill*         0x00000000200004bc        0x4 
                [!provide]                        PROVIDE (end = .)
                0x00000000200004c0                PROVIDE (_end = .)
                0x00000000200006c0                . = (. + _Min_Heap_Size)
 *fill*         0x00000000200004c0      0x200 
                0x0000000020000ac0                . = (. + _Min_Stack_Size)
 *fill*         0x00000000200006c0      0x400 
                0x0000000020000ac0                . = ALIGN (0x8)

/DISCARD/
 libc.a(*)
 libm.a(*)
 libgcc.a(*)

.ARM.attributes
                0x0000000000000000       0x30
 *(.ARM.attributes)
 .ARM.attributes
                0x0000000000000000       0x1e /opt/st/stm32cubeide_1.11.0/plugins/com.st.stm32cube.ide.mcu.externaltools.gnu-tools-for-stm32.10.3-2021.10.linux64_1.0.100.202210260954/tools/bin/../lib/gcc/arm-none-eabi/10.3.1/thumb/v7e-m+fp/hard/crti.o
 .ARM.attributes
                0x000000000000001e       0x34 /opt/st/stm32cubeide_1.11.0/plugins/com.st.stm32cube.ide.mcu.externaltools.gnu-tools-for-stm32.10.3-2021.10.linux64_1.0.100.202210260954/tools/bin/../lib/gcc/arm-none-eabi/10.3.1/thumb/v7e-m+fp/hard/crtbegin.o
 .ARM.attributes
                0x0000000000000052       0x34 ./Core/Src/main.o
 .ARM.attributes
                0x0000000000000086       0x34 ./Core/Src/stm32g4xx_hal_msp.o
 .ARM.attributes
                0x00000000000000ba       0x34 ./Core/Src/stm32g4xx_it.o
 .ARM.attributes
                0x00000000000000ee       0x34 ./Core/Src/system_stm32g4xx.o
 .ARM.attributes
                0x0000000000000122       0x21 ./Core/Startup/startup_stm32g431cbtx.o
 .ARM.attributes
                0x0000000000000143       0x34 ./Drivers/AS5x47PS/AS5x47P.o
 .ARM.attributes
                0x0000000000000177       0x34 ./Drivers/EncoderCalibration/EncoderCalibration.o
 .ARM.attributes
                0x00000000000001ab       0x34 ./Drivers/STM32G4xx_HAL_Driver/Src/stm32g4xx_hal.o
 .ARM.attributes
                0x00000000000001df       0x34 ./Drivers/STM32G4xx_HAL_Driver/Src/stm32g4xx_hal_adc.o
 .ARM.attributes
                0x0000000000000213       0x34 ./Drivers/STM32G4xx_HAL_Driver/Src/stm32g4xx_hal_adc_ex.o
 .ARM.attributes
                0x0000000000000247       0x34 ./Drivers/STM32G4xx_HAL_Driver/Src/stm32g4xx_hal_comp.o
 .ARM.attributes
                0x000000000000027b       0x34 ./Drivers/STM32G4xx_HAL_Driver/Src/stm32g4xx_hal_cortex.o
 .ARM.attributes
                0x00000000000002af       0x34 ./Drivers/STM32G4xx_HAL_Driver/Src/stm32g4xx_hal_dac.o
 .ARM.attributes
                0x00000000000002e3       0x34 ./Drivers/STM32G4xx_HAL_Driver/Src/stm32g4xx_hal_fdcan.o
 .ARM.attributes
                0x0000000000000317       0x34 ./Drivers/STM32G4xx_HAL_Driver/Src/stm32g4xx_hal_gpio.o
 .ARM.attributes
                0x000000000000034b       0x34 ./Drivers/STM32G4xx_HAL_Driver/Src/stm32g4xx_hal_i2c.o
 .ARM.attributes
                0x000000000000037f       0x34 ./Drivers/STM32G4xx_HAL_Driver/Src/stm32g4xx_hal_i2c_ex.o
 .ARM.attributes
                0x00000000000003b3       0x34 ./Drivers/STM32G4xx_HAL_Driver/Src/stm32g4xx_hal_pwr_ex.o
 .ARM.attributes
                0x00000000000003e7       0x34 ./Drivers/STM32G4xx_HAL_Driver/Src/stm32g4xx_hal_rcc.o
 .ARM.attributes
                0x000000000000041b       0x34 ./Drivers/STM32G4xx_HAL_Driver/Src/stm32g4xx_hal_rcc_ex.o
 .ARM.attributes
                0x000000000000044f       0x34 ./Drivers/STM32G4xx_HAL_Driver/Src/stm32g4xx_hal_spi.o
 .ARM.attributes
                0x0000000000000483       0x34 ./Drivers/STM32G4xx_HAL_Driver/Src/stm32g4xx_hal_tim.o
 .ARM.attributes
                0x00000000000004b7       0x34 ./Drivers/STM32G4xx_HAL_Driver/Src/stm32g4xx_hal_tim_ex.o
 .ARM.attributes
                0x00000000000004eb       0x34 ./Drivers/STM32G4xx_HAL_Driver/Src/stm32g4xx_hal_uart.o
 .ARM.attributes
                0x000000000000051f       0x34 ./Drivers/STM32G4xx_HAL_Driver/Src/stm32g4xx_hal_uart_ex.o
 .ARM.attributes
                0x0000000000000553       0x34 /opt/st/stm32cubeide_1.11.0/plugins/com.st.stm32cube.ide.mcu.externaltools.gnu-tools-for-stm32.10.3-2021.10.linux64_1.0.100.202210260954/tools/bin/../lib/gcc/arm-none-eabi/10.3.1/../../../../arm-none-eabi/lib/thumb/v7e-m+fp/hard/libc_nano.a(lib_a-init.o)
 .ARM.attributes
                0x0000000000000587       0x34 /opt/st/stm32cubeide_1.11.0/plugins/com.st.stm32cube.ide.mcu.externaltools.gnu-tools-for-stm32.10.3-2021.10.linux64_1.0.100.202210260954/tools/bin/../lib/gcc/arm-none-eabi/10.3.1/../../../../arm-none-eabi/lib/thumb/v7e-m+fp/hard/libc_nano.a(lib_a-memset.o)
 .ARM.attributes
                0x00000000000005bb       0x1e /opt/st/stm32cubeide_1.11.0/plugins/com.st.stm32cube.ide.mcu.externaltools.gnu-tools-for-stm32.10.3-2021.10.linux64_1.0.100.202210260954/tools/bin/../lib/gcc/arm-none-eabi/10.3.1/thumb/v7e-m+fp/hard/libgcc.a(_arm_addsubdf3.o)
 .ARM.attributes
                0x00000000000005d9       0x1e /opt/st/stm32cubeide_1.11.0/plugins/com.st.stm32cube.ide.mcu.externaltools.gnu-tools-for-stm32.10.3-2021.10.linux64_1.0.100.202210260954/tools/bin/../lib/gcc/arm-none-eabi/10.3.1/thumb/v7e-m+fp/hard/libgcc.a(_arm_muldivdf3.o)
 .ARM.attributes
                0x00000000000005f7       0x1e /opt/st/stm32cubeide_1.11.0/plugins/com.st.stm32cube.ide.mcu.externaltools.gnu-tools-for-stm32.10.3-2021.10.linux64_1.0.100.202210260954/tools/bin/../lib/gcc/arm-none-eabi/10.3.1/thumb/v7e-m+fp/hard/libgcc.a(_arm_fixunsdfsi.o)
 .ARM.attributes
                0x0000000000000615       0x1e /opt/st/stm32cubeide_1.11.0/plugins/com.st.stm32cube.ide.mcu.externaltools.gnu-tools-for-stm32.10.3-2021.10.linux64_1.0.100.202210260954/tools/bin/../lib/gcc/arm-none-eabi/10.3.1/thumb/v7e-m+fp/hard/libgcc.a(_aeabi_uldivmod.o)
 .ARM.attributes
                0x0000000000000633       0x34 /opt/st/stm32cubeide_1.11.0/plugins/com.st.stm32cube.ide.mcu.externaltools.gnu-tools-for-stm32.10.3-2021.10.linux64_1.0.100.202210260954/tools/bin/../lib/gcc/arm-none-eabi/10.3.1/thumb/v7e-m+fp/hard/libgcc.a(_udivmoddi4.o)
 .ARM.attributes
                0x0000000000000667       0x1e /opt/st/stm32cubeide_1.11.0/plugins/com.st.stm32cube.ide.mcu.externaltools.gnu-tools-for-stm32.10.3-2021.10.linux64_1.0.100.202210260954/tools/bin/../lib/gcc/arm-none-eabi/10.3.1/thumb/v7e-m+fp/hard/libgcc.a(_dvmd_tls.o)
 .ARM.attributes
                0x0000000000000685       0x1e /opt/st/stm32cubeide_1.11.0/plugins/com.st.stm32cube.ide.mcu.externaltools.gnu-tools-for-stm32.10.3-2021.10.linux64_1.0.100.202210260954/tools/bin/../lib/gcc/arm-none-eabi/10.3.1/thumb/v7e-m+fp/hard/crtn.o
OUTPUT(gen4_motor_inverter.elf elf32-littlearm)
LOAD linker stubs
LOAD /opt/st/stm32cubeide_1.11.0/plugins/com.st.stm32cube.ide.mcu.externaltools.gnu-tools-for-stm32.10.3-2021.10.linux64_1.0.100.202210260954/tools/bin/../lib/gcc/arm-none-eabi/10.3.1/../../../../arm-none-eabi/lib/thumb/v7e-m+fp/hard/libc.a
LOAD /opt/st/stm32cubeide_1.11.0/plugins/com.st.stm32cube.ide.mcu.externaltools.gnu-tools-for-stm32.10.3-2021.10.linux64_1.0.100.202210260954/tools/bin/../lib/gcc/arm-none-eabi/10.3.1/../../../../arm-none-eabi/lib/thumb/v7e-m+fp/hard/libm.a
LOAD /opt/st/stm32cubeide_1.11.0/plugins/com.st.stm32cube.ide.mcu.externaltools.gnu-tools-for-stm32.10.3-2021.10.linux64_1.0.100.202210260954/tools/bin/../lib/gcc/arm-none-eabi/10.3.1/thumb/v7e-m+fp/hard/libgcc.a

.debug_info     0x0000000000000000    0x22a33
 .debug_info    0x0000000000000000     0x305b ./Core/Src/main.o
 .debug_info    0x000000000000305b     0x2b07 ./Core/Src/stm32g4xx_hal_msp.o
 .debug_info    0x0000000000005b62      0xdbb ./Core/Src/stm32g4xx_it.o
 .debug_info    0x000000000000691d      0x59f ./Core/Src/system_stm32g4xx.o
 .debug_info    0x0000000000006ebc       0x22 ./Core/Startup/startup_stm32g431cbtx.o
 .debug_info    0x0000000000006ede     0x134c ./Drivers/AS5x47PS/AS5x47P.o
 .debug_info    0x000000000000822a      0x934 ./Drivers/EncoderCalibration/EncoderCalibration.o
 .debug_info    0x0000000000008b5e      0xae3 ./Drivers/STM32G4xx_HAL_Driver/Src/stm32g4xx_hal.o
 .debug_info    0x0000000000009641     0x213e ./Drivers/STM32G4xx_HAL_Driver/Src/stm32g4xx_hal_adc.o
 .debug_info    0x000000000000b77f     0x1e4b ./Drivers/STM32G4xx_HAL_Driver/Src/stm32g4xx_hal_adc_ex.o
 .debug_info    0x000000000000d5ca      0x750 ./Drivers/STM32G4xx_HAL_Driver/Src/stm32g4xx_hal_comp.o
 .debug_info    0x000000000000dd1a      0xdc4 ./Drivers/STM32G4xx_HAL_Driver/Src/stm32g4xx_hal_cortex.o
 .debug_info    0x000000000000eade      0xd17 ./Drivers/STM32G4xx_HAL_Driver/Src/stm32g4xx_hal_dac.o
 .debug_info    0x000000000000f7f5     0x1964 ./Drivers/STM32G4xx_HAL_Driver/Src/stm32g4xx_hal_fdcan.o
 .debug_info    0x0000000000011159      0x82f ./Drivers/STM32G4xx_HAL_Driver/Src/stm32g4xx_hal_gpio.o
 .debug_info    0x0000000000011988     0x22ea ./Drivers/STM32G4xx_HAL_Driver/Src/stm32g4xx_hal_i2c.o
 .debug_info    0x0000000000013c72      0xb61 ./Drivers/STM32G4xx_HAL_Driver/Src/stm32g4xx_hal_i2c_ex.o
 .debug_info    0x00000000000147d3      0x983 ./Drivers/STM32G4xx_HAL_Driver/Src/stm32g4xx_hal_pwr_ex.o
 .debug_info    0x0000000000015156      0xc53 ./Drivers/STM32G4xx_HAL_Driver/Src/stm32g4xx_hal_rcc.o
 .debug_info    0x0000000000015da9      0xcfe ./Drivers/STM32G4xx_HAL_Driver/Src/stm32g4xx_hal_rcc_ex.o
 .debug_info    0x0000000000016aa7     0x18b8 ./Drivers/STM32G4xx_HAL_Driver/Src/stm32g4xx_hal_spi.o
 .debug_info    0x000000000001835f     0x2e83 ./Drivers/STM32G4xx_HAL_Driver/Src/stm32g4xx_hal_tim.o
 .debug_info    0x000000000001b1e2     0x1eea ./Drivers/STM32G4xx_HAL_Driver/Src/stm32g4xx_hal_tim_ex.o
 .debug_info    0x000000000001d0cc     0x4936 ./Drivers/STM32G4xx_HAL_Driver/Src/stm32g4xx_hal_uart.o
 .debug_info    0x0000000000021a02     0x1031 ./Drivers/STM32G4xx_HAL_Driver/Src/stm32g4xx_hal_uart_ex.o

.debug_abbrev   0x0000000000000000     0x38f9
 .debug_abbrev  0x0000000000000000      0x35d ./Core/Src/main.o
 .debug_abbrev  0x000000000000035d      0x28a ./Core/Src/stm32g4xx_hal_msp.o
 .debug_abbrev  0x00000000000005e7      0x1c6 ./Core/Src/stm32g4xx_it.o
 .debug_abbrev  0x00000000000007ad      0x116 ./Core/Src/system_stm32g4xx.o
 .debug_abbrev  0x00000000000008c3       0x12 ./Core/Startup/startup_stm32g431cbtx.o
 .debug_abbrev  0x00000000000008d5      0x32a ./Drivers/AS5x47PS/AS5x47P.o
 .debug_abbrev  0x0000000000000bff      0x1fe ./Drivers/EncoderCalibration/EncoderCalibration.o
 .debug_abbrev  0x0000000000000dfd      0x269 ./Drivers/STM32G4xx_HAL_Driver/Src/stm32g4xx_hal.o
 .debug_abbrev  0x0000000000001066      0x2bf ./Drivers/STM32G4xx_HAL_Driver/Src/stm32g4xx_hal_adc.o
 .debug_abbrev  0x0000000000001325      0x2da ./Drivers/STM32G4xx_HAL_Driver/Src/stm32g4xx_hal_adc_ex.o
 .debug_abbrev  0x00000000000015ff      0x1ff ./Drivers/STM32G4xx_HAL_Driver/Src/stm32g4xx_hal_comp.o
 .debug_abbrev  0x00000000000017fe      0x30d ./Drivers/STM32G4xx_HAL_Driver/Src/stm32g4xx_hal_cortex.o
 .debug_abbrev  0x0000000000001b0b      0x206 ./Drivers/STM32G4xx_HAL_Driver/Src/stm32g4xx_hal_dac.o
 .debug_abbrev  0x0000000000001d11      0x1d3 ./Drivers/STM32G4xx_HAL_Driver/Src/stm32g4xx_hal_fdcan.o
 .debug_abbrev  0x0000000000001ee4      0x1bb ./Drivers/STM32G4xx_HAL_Driver/Src/stm32g4xx_hal_gpio.o
 .debug_abbrev  0x000000000000209f      0x243 ./Drivers/STM32G4xx_HAL_Driver/Src/stm32g4xx_hal_i2c.o
 .debug_abbrev  0x00000000000022e2      0x1b0 ./Drivers/STM32G4xx_HAL_Driver/Src/stm32g4xx_hal_i2c_ex.o
 .debug_abbrev  0x0000000000002492      0x229 ./Drivers/STM32G4xx_HAL_Driver/Src/stm32g4xx_hal_pwr_ex.o
 .debug_abbrev  0x00000000000026bb      0x2bd ./Drivers/STM32G4xx_HAL_Driver/Src/stm32g4xx_hal_rcc.o
 .debug_abbrev  0x0000000000002978      0x247 ./Drivers/STM32G4xx_HAL_Driver/Src/stm32g4xx_hal_rcc_ex.o
 .debug_abbrev  0x0000000000002bbf      0x254 ./Drivers/STM32G4xx_HAL_Driver/Src/stm32g4xx_hal_spi.o
 .debug_abbrev  0x0000000000002e13      0x28e ./Drivers/STM32G4xx_HAL_Driver/Src/stm32g4xx_hal_tim.o
 .debug_abbrev  0x00000000000030a1      0x2ab ./Drivers/STM32G4xx_HAL_Driver/Src/stm32g4xx_hal_tim_ex.o
 .debug_abbrev  0x000000000000334c      0x2f0 ./Drivers/STM32G4xx_HAL_Driver/Src/stm32g4xx_hal_uart.o
 .debug_abbrev  0x000000000000363c      0x2bd ./Drivers/STM32G4xx_HAL_Driver/Src/stm32g4xx_hal_uart_ex.o

.debug_aranges  0x0000000000000000     0x1d98
 .debug_aranges
                0x0000000000000000       0x98 ./Core/Src/main.o
 .debug_aranges
                0x0000000000000098       0xb8 ./Core/Src/stm32g4xx_hal_msp.o
 .debug_aranges
                0x0000000000000150       0x78 ./Core/Src/stm32g4xx_it.o
 .debug_aranges
                0x00000000000001c8       0x28 ./Core/Src/system_stm32g4xx.o
 .debug_aranges
                0x00000000000001f0       0x28 ./Core/Startup/startup_stm32g431cbtx.o
 .debug_aranges
                0x0000000000000218       0xc0 ./Drivers/AS5x47PS/AS5x47P.o
 .debug_aranges
                0x00000000000002d8       0x48 ./Drivers/EncoderCalibration/EncoderCalibration.o
 .debug_aranges
                0x0000000000000320      0x130 ./Drivers/STM32G4xx_HAL_Driver/Src/stm32g4xx_hal.o
 .debug_aranges
                0x0000000000000450      0x248 ./Drivers/STM32G4xx_HAL_Driver/Src/stm32g4xx_hal_adc.o
 .debug_aranges
                0x0000000000000698      0x1c0 ./Drivers/STM32G4xx_HAL_Driver/Src/stm32g4xx_hal_adc_ex.o
 .debug_aranges
                0x0000000000000858       0xc8 ./Drivers/STM32G4xx_HAL_Driver/Src/stm32g4xx_hal_comp.o
 .debug_aranges
                0x0000000000000920      0x118 ./Drivers/STM32G4xx_HAL_Driver/Src/stm32g4xx_hal_cortex.o
 .debug_aranges
                0x0000000000000a38       0xc0 ./Drivers/STM32G4xx_HAL_Driver/Src/stm32g4xx_hal_dac.o
 .debug_aranges
                0x0000000000000af8      0x208 ./Drivers/STM32G4xx_HAL_Driver/Src/stm32g4xx_hal_fdcan.o
 .debug_aranges
                0x0000000000000d00       0x58 ./Drivers/STM32G4xx_HAL_Driver/Src/stm32g4xx_hal_gpio.o
 .debug_aranges
                0x0000000000000d58      0x290 ./Drivers/STM32G4xx_HAL_Driver/Src/stm32g4xx_hal_i2c.o
 .debug_aranges
                0x0000000000000fe8       0x48 ./Drivers/STM32G4xx_HAL_Driver/Src/stm32g4xx_hal_i2c_ex.o
 .debug_aranges
                0x0000000000001030      0x140 ./Drivers/STM32G4xx_HAL_Driver/Src/stm32g4xx_hal_pwr_ex.o
 .debug_aranges
                0x0000000000001170       0x98 ./Drivers/STM32G4xx_HAL_Driver/Src/stm32g4xx_hal_rcc.o
 .debug_aranges
                0x0000000000001208       0xb0 ./Drivers/STM32G4xx_HAL_Driver/Src/stm32g4xx_hal_rcc_ex.o
 .debug_aranges
                0x00000000000012b8      0x1d8 ./Drivers/STM32G4xx_HAL_Driver/Src/stm32g4xx_hal_spi.o
 .debug_aranges
                0x0000000000001490      0x3e0 ./Drivers/STM32G4xx_HAL_Driver/Src/stm32g4xx_hal_tim.o
 .debug_aranges
                0x0000000000001870      0x240 ./Drivers/STM32G4xx_HAL_Driver/Src/stm32g4xx_hal_tim_ex.o
 .debug_aranges
                0x0000000000001ab0      0x248 ./Drivers/STM32G4xx_HAL_Driver/Src/stm32g4xx_hal_uart.o
 .debug_aranges
                0x0000000000001cf8       0xa0 ./Drivers/STM32G4xx_HAL_Driver/Src/stm32g4xx_hal_uart_ex.o

.debug_ranges   0x0000000000000000     0x1c40
 .debug_ranges  0x0000000000000000       0x88 ./Core/Src/main.o
 .debug_ranges  0x0000000000000088       0xa8 ./Core/Src/stm32g4xx_hal_msp.o
 .debug_ranges  0x0000000000000130       0x68 ./Core/Src/stm32g4xx_it.o
 .debug_ranges  0x0000000000000198       0x18 ./Core/Src/system_stm32g4xx.o
 .debug_ranges  0x00000000000001b0       0x20 ./Core/Startup/startup_stm32g431cbtx.o
 .debug_ranges  0x00000000000001d0       0xb0 ./Drivers/AS5x47PS/AS5x47P.o
 .debug_ranges  0x0000000000000280       0x38 ./Drivers/EncoderCalibration/EncoderCalibration.o
 .debug_ranges  0x00000000000002b8      0x120 ./Drivers/STM32G4xx_HAL_Driver/Src/stm32g4xx_hal.o
 .debug_ranges  0x00000000000003d8      0x238 ./Drivers/STM32G4xx_HAL_Driver/Src/stm32g4xx_hal_adc.o
 .debug_ranges  0x0000000000000610      0x1b0 ./Drivers/STM32G4xx_HAL_Driver/Src/stm32g4xx_hal_adc_ex.o
 .debug_ranges  0x00000000000007c0       0xb8 ./Drivers/STM32G4xx_HAL_Driver/Src/stm32g4xx_hal_comp.o
 .debug_ranges  0x0000000000000878      0x108 ./Drivers/STM32G4xx_HAL_Driver/Src/stm32g4xx_hal_cortex.o
 .debug_ranges  0x0000000000000980       0xb0 ./Drivers/STM32G4xx_HAL_Driver/Src/stm32g4xx_hal_dac.o
 .debug_ranges  0x0000000000000a30      0x1f8 ./Drivers/STM32G4xx_HAL_Driver/Src/stm32g4xx_hal_fdcan.o
 .debug_ranges  0x0000000000000c28       0x48 ./Drivers/STM32G4xx_HAL_Driver/Src/stm32g4xx_hal_gpio.o
 .debug_ranges  0x0000000000000c70      0x280 ./Drivers/STM32G4xx_HAL_Driver/Src/stm32g4xx_hal_i2c.o
 .debug_ranges  0x0000000000000ef0       0x38 ./Drivers/STM32G4xx_HAL_Driver/Src/stm32g4xx_hal_i2c_ex.o
 .debug_ranges  0x0000000000000f28      0x130 ./Drivers/STM32G4xx_HAL_Driver/Src/stm32g4xx_hal_pwr_ex.o
 .debug_ranges  0x0000000000001058       0x88 ./Drivers/STM32G4xx_HAL_Driver/Src/stm32g4xx_hal_rcc.o
 .debug_ranges  0x00000000000010e0       0xa0 ./Drivers/STM32G4xx_HAL_Driver/Src/stm32g4xx_hal_rcc_ex.o
 .debug_ranges  0x0000000000001180      0x1c8 ./Drivers/STM32G4xx_HAL_Driver/Src/stm32g4xx_hal_spi.o
 .debug_ranges  0x0000000000001348      0x3d0 ./Drivers/STM32G4xx_HAL_Driver/Src/stm32g4xx_hal_tim.o
 .debug_ranges  0x0000000000001718      0x230 ./Drivers/STM32G4xx_HAL_Driver/Src/stm32g4xx_hal_tim_ex.o
 .debug_ranges  0x0000000000001948      0x268 ./Drivers/STM32G4xx_HAL_Driver/Src/stm32g4xx_hal_uart.o
 .debug_ranges  0x0000000000001bb0       0x90 ./Drivers/STM32G4xx_HAL_Driver/Src/stm32g4xx_hal_uart_ex.o

.debug_macro    0x0000000000000000    0x22930
 .debug_macro   0x0000000000000000      0x281 ./Core/Src/main.o
 .debug_macro   0x0000000000000281      0xa78 ./Core/Src/main.o
 .debug_macro   0x0000000000000cf9      0x17f ./Core/Src/main.o
 .debug_macro   0x0000000000000e78       0x2e ./Core/Src/main.o
 .debug_macro   0x0000000000000ea6       0x28 ./Core/Src/main.o
 .debug_macro   0x0000000000000ece       0x22 ./Core/Src/main.o
 .debug_macro   0x0000000000000ef0       0x8e ./Core/Src/main.o
 .debug_macro   0x0000000000000f7e       0x51 ./Core/Src/main.o
 .debug_macro   0x0000000000000fcf      0x103 ./Core/Src/main.o
 .debug_macro   0x00000000000010d2       0x6a ./Core/Src/main.o
 .debug_macro   0x000000000000113c      0x1df ./Core/Src/main.o
 .debug_macro   0x000000000000131b       0x1c ./Core/Src/main.o
 .debug_macro   0x0000000000001337       0x22 ./Core/Src/main.o
 .debug_macro   0x0000000000001359       0xfb ./Core/Src/main.o
 .debug_macro   0x0000000000001454     0x1011 ./Core/Src/main.o
 .debug_macro   0x0000000000002465      0x11f ./Core/Src/main.o
 .debug_macro   0x0000000000002584    0x11396 ./Core/Src/main.o
 .debug_macro   0x000000000001391a       0x6d ./Core/Src/main.o
 .debug_macro   0x0000000000013987     0x3554 ./Core/Src/main.o
 .debug_macro   0x0000000000016edb      0x174 ./Core/Src/main.o
 .debug_macro   0x000000000001704f       0x5c ./Core/Src/main.o
 .debug_macro   0x00000000000170ab     0x141d ./Core/Src/main.o
 .debug_macro   0x00000000000184c8      0x535 ./Core/Src/main.o
 .debug_macro   0x00000000000189fd      0x1b6 ./Core/Src/main.o
 .debug_macro   0x0000000000018bb3      0x288 ./Core/Src/main.o
 .debug_macro   0x0000000000018e3b      0x41d ./Core/Src/main.o
 .debug_macro   0x0000000000019258      0x18b ./Core/Src/main.o
 .debug_macro   0x00000000000193e3       0x43 ./Core/Src/main.o
 .debug_macro   0x0000000000019426      0x23d ./Core/Src/main.o
 .debug_macro   0x0000000000019663     0x10fd ./Core/Src/main.o
 .debug_macro   0x000000000001a760      0x72e ./Core/Src/main.o
 .debug_macro   0x000000000001ae8e      0x391 ./Core/Src/main.o
 .debug_macro   0x000000000001b21f      0x11d ./Core/Src/main.o
 .debug_macro   0x000000000001b33c      0x401 ./Core/Src/main.o
 .debug_macro   0x000000000001b73d      0x202 ./Core/Src/main.o
 .debug_macro   0x000000000001b93f      0x108 ./Core/Src/main.o
 .debug_macro   0x000000000001ba47      0x211 ./Core/Src/main.o
 .debug_macro   0x000000000001bc58      0x6af ./Core/Src/main.o
 .debug_macro   0x000000000001c307      0x401 ./Core/Src/main.o
 .debug_macro   0x000000000001c708      0x107 ./Core/Src/main.o
 .debug_macro   0x000000000001c80f      0x22c ./Core/Src/main.o
 .debug_macro   0x000000000001ca3b       0x61 ./Core/Src/main.o
 .debug_macro   0x000000000001ca9c       0xa5 ./Core/Src/main.o
 .debug_macro   0x000000000001cb41      0x122 ./Core/Src/main.o
 .debug_macro   0x000000000001cc63      0x3d1 ./Core/Src/main.o
 .debug_macro   0x000000000001d034      0x2fe ./Core/Src/main.o
 .debug_macro   0x000000000001d332      0xbbe ./Core/Src/main.o
 .debug_macro   0x000000000001def0      0x47e ./Core/Src/main.o
 .debug_macro   0x000000000001e36e      0x67e ./Core/Src/main.o
 .debug_macro   0x000000000001e9ec       0xa6 ./Core/Src/main.o
 .debug_macro   0x000000000001ea92      0x306 ./Core/Src/main.o
 .debug_macro   0x000000000001ed98       0x88 ./Core/Src/main.o
 .debug_macro   0x000000000001ee20       0x22 ./Core/Src/main.o
 .debug_macro   0x000000000001ee42       0x58 ./Core/Src/main.o
 .debug_macro   0x000000000001ee9a      0x265 ./Core/Src/stm32g4xx_hal_msp.o
 .debug_macro   0x000000000001f0ff      0x26f ./Core/Src/stm32g4xx_it.o
 .debug_macro   0x000000000001f36e      0x256 ./Core/Src/system_stm32g4xx.o
 .debug_macro   0x000000000001f5c4      0x343 ./Drivers/AS5x47PS/AS5x47P.o
 .debug_macro   0x000000000001f907       0x52 ./Drivers/AS5x47PS/AS5x47P.o
 .debug_macro   0x000000000001f959      0x260 ./Drivers/EncoderCalibration/EncoderCalibration.o
 .debug_macro   0x000000000001fbb9      0x2a4 ./Drivers/STM32G4xx_HAL_Driver/Src/stm32g4xx_hal.o
 .debug_macro   0x000000000001fe5d      0x273 ./Drivers/STM32G4xx_HAL_Driver/Src/stm32g4xx_hal_adc.o
 .debug_macro   0x00000000000200d0      0x262 ./Drivers/STM32G4xx_HAL_Driver/Src/stm32g4xx_hal_adc_ex.o
 .debug_macro   0x0000000000020332      0x26c ./Drivers/STM32G4xx_HAL_Driver/Src/stm32g4xx_hal_comp.o
 .debug_macro   0x000000000002059e      0x256 ./Drivers/STM32G4xx_HAL_Driver/Src/stm32g4xx_hal_cortex.o
 .debug_macro   0x00000000000207f4      0x26c ./Drivers/STM32G4xx_HAL_Driver/Src/stm32g4xx_hal_dac.o
 .debug_macro   0x0000000000020a60      0x368 ./Drivers/STM32G4xx_HAL_Driver/Src/stm32g4xx_hal_fdcan.o
 .debug_macro   0x0000000000020dc8      0x25d ./Drivers/STM32G4xx_HAL_Driver/Src/stm32g4xx_hal_gpio.o
 .debug_macro   0x0000000000021025      0x322 ./Drivers/STM32G4xx_HAL_Driver/Src/stm32g4xx_hal_i2c.o
 .debug_macro   0x0000000000021347      0x256 ./Drivers/STM32G4xx_HAL_Driver/Src/stm32g4xx_hal_i2c_ex.o
 .debug_macro   0x000000000002159d      0x280 ./Drivers/STM32G4xx_HAL_Driver/Src/stm32g4xx_hal_pwr_ex.o
 .debug_macro   0x000000000002181d      0x298 ./Drivers/STM32G4xx_HAL_Driver/Src/stm32g4xx_hal_rcc.o
 .debug_macro   0x0000000000021ab5      0x280 ./Drivers/STM32G4xx_HAL_Driver/Src/stm32g4xx_hal_rcc_ex.o
 .debug_macro   0x0000000000021d35      0x25e ./Drivers/STM32G4xx_HAL_Driver/Src/stm32g4xx_hal_spi.o
 .debug_macro   0x0000000000021f93      0x25e ./Drivers/STM32G4xx_HAL_Driver/Src/stm32g4xx_hal_tim.o
 .debug_macro   0x00000000000221f1      0x25c ./Drivers/STM32G4xx_HAL_Driver/Src/stm32g4xx_hal_tim_ex.o
 .debug_macro   0x000000000002244d      0x281 ./Drivers/STM32G4xx_HAL_Driver/Src/stm32g4xx_hal_uart.o
 .debug_macro   0x00000000000226ce      0x262 ./Drivers/STM32G4xx_HAL_Driver/Src/stm32g4xx_hal_uart_ex.o

.debug_line     0x0000000000000000    0x20aea
 .debug_line    0x0000000000000000      0xea8 ./Core/Src/main.o
 .debug_line    0x0000000000000ea8      0xbe5 ./Core/Src/stm32g4xx_hal_msp.o
 .debug_line    0x0000000000001a8d      0x8e7 ./Core/Src/stm32g4xx_it.o
 .debug_line    0x0000000000002374      0x846 ./Core/Src/system_stm32g4xx.o
 .debug_line    0x0000000000002bba       0x89 ./Core/Startup/startup_stm32g431cbtx.o
 .debug_line    0x0000000000002c43      0xd59 ./Drivers/AS5x47PS/AS5x47P.o
 .debug_line    0x000000000000399c      0x8d2 ./Drivers/EncoderCalibration/EncoderCalibration.o
 .debug_line    0x000000000000426e      0xbbd ./Drivers/STM32G4xx_HAL_Driver/Src/stm32g4xx_hal.o
 .debug_line    0x0000000000004e2b     0x1f58 ./Drivers/STM32G4xx_HAL_Driver/Src/stm32g4xx_hal_adc.o
 .debug_line    0x0000000000006d83     0x19bb ./Drivers/STM32G4xx_HAL_Driver/Src/stm32g4xx_hal_adc_ex.o
 .debug_line    0x000000000000873e      0xbf7 ./Drivers/STM32G4xx_HAL_Driver/Src/stm32g4xx_hal_comp.o
 .debug_line    0x0000000000009335      0xd70 ./Drivers/STM32G4xx_HAL_Driver/Src/stm32g4xx_hal_cortex.o
 .debug_line    0x000000000000a0a5      0xd5e ./Drivers/STM32G4xx_HAL_Driver/Src/stm32g4xx_hal_dac.o
 .debug_line    0x000000000000ae03     0x1926 ./Drivers/STM32G4xx_HAL_Driver/Src/stm32g4xx_hal_fdcan.o
 .debug_line    0x000000000000c729      0xc00 ./Drivers/STM32G4xx_HAL_Driver/Src/stm32g4xx_hal_gpio.o
 .debug_line    0x000000000000d329     0x3464 ./Drivers/STM32G4xx_HAL_Driver/Src/stm32g4xx_hal_i2c.o
 .debug_line    0x000000000001078d      0x9fa ./Drivers/STM32G4xx_HAL_Driver/Src/stm32g4xx_hal_i2c_ex.o
 .debug_line    0x0000000000011187      0xd74 ./Drivers/STM32G4xx_HAL_Driver/Src/stm32g4xx_hal_pwr_ex.o
 .debug_line    0x0000000000011efb      0xfd3 ./Drivers/STM32G4xx_HAL_Driver/Src/stm32g4xx_hal_rcc.o
 .debug_line    0x0000000000012ece     0x1196 ./Drivers/STM32G4xx_HAL_Driver/Src/stm32g4xx_hal_rcc_ex.o
 .debug_line    0x0000000000014064     0x2007 ./Drivers/STM32G4xx_HAL_Driver/Src/stm32g4xx_hal_spi.o
 .debug_line    0x000000000001606b     0x3ec4 ./Drivers/STM32G4xx_HAL_Driver/Src/stm32g4xx_hal_tim.o
 .debug_line    0x0000000000019f2f     0x2140 ./Drivers/STM32G4xx_HAL_Driver/Src/stm32g4xx_hal_tim_ex.o
 .debug_line    0x000000000001c06f     0x3c13 ./Drivers/STM32G4xx_HAL_Driver/Src/stm32g4xx_hal_uart.o
 .debug_line    0x000000000001fc82      0xe68 ./Drivers/STM32G4xx_HAL_Driver/Src/stm32g4xx_hal_uart_ex.o

.debug_str      0x0000000000000000    0xec204
 .debug_str     0x0000000000000000    0xe0fa5 ./Core/Src/main.o
                                      0xe179b (size before relaxing)
 .debug_str     0x00000000000e0fa5      0x833 ./Core/Src/stm32g4xx_hal_msp.o
                                      0xe1373 (size before relaxing)
 .debug_str     0x00000000000e17d8      0x120 ./Core/Src/stm32g4xx_it.o
                                      0xdff4f (size before relaxing)
 .debug_str     0x00000000000e18f8       0xdb ./Core/Src/system_stm32g4xx.o
                                      0xdf4ea (size before relaxing)
 .debug_str     0x00000000000e19d3       0x36 ./Core/Startup/startup_stm32g431cbtx.o
                                         0x7b (size before relaxing)
 .debug_str     0x00000000000e1a09     0x3174 ./Drivers/AS5x47PS/AS5x47P.o
                                      0xe2e85 (size before relaxing)
 .debug_str     0x00000000000e4b7d       0xa1 ./Drivers/EncoderCalibration/EncoderCalibration.o
                                      0xdf9db (size before relaxing)
 .debug_str     0x00000000000e4c1e      0x59e ./Drivers/STM32G4xx_HAL_Driver/Src/stm32g4xx_hal.o
                                      0xe0002 (size before relaxing)
 .debug_str     0x00000000000e51bc      0xb22 ./Drivers/STM32G4xx_HAL_Driver/Src/stm32g4xx_hal_adc.o
                                      0xe053b (size before relaxing)
 .debug_str     0x00000000000e5cde      0x65d ./Drivers/STM32G4xx_HAL_Driver/Src/stm32g4xx_hal_adc_ex.o
                                      0xe04b1 (size before relaxing)
 .debug_str     0x00000000000e633b      0x2f0 ./Drivers/STM32G4xx_HAL_Driver/Src/stm32g4xx_hal_comp.o
                                      0xdf7ac (size before relaxing)
 .debug_str     0x00000000000e662b      0x31d ./Drivers/STM32G4xx_HAL_Driver/Src/stm32g4xx_hal_cortex.o
                                      0xdfcad (size before relaxing)
 .debug_str     0x00000000000e6948      0x28b ./Drivers/STM32G4xx_HAL_Driver/Src/stm32g4xx_hal_dac.o
                                      0xdfb99 (size before relaxing)
 .debug_str     0x00000000000e6bd3     0x1303 ./Drivers/STM32G4xx_HAL_Driver/Src/stm32g4xx_hal_fdcan.o
                                      0xe0a83 (size before relaxing)
 .debug_str     0x00000000000e7ed6       0xdc ./Drivers/STM32G4xx_HAL_Driver/Src/stm32g4xx_hal_gpio.o
                                      0xdf675 (size before relaxing)
 .debug_str     0x00000000000e7fb2      0xda9 ./Drivers/STM32G4xx_HAL_Driver/Src/stm32g4xx_hal_i2c.o
                                      0xe07b8 (size before relaxing)
 .debug_str     0x00000000000e8d5b       0xb8 ./Drivers/STM32G4xx_HAL_Driver/Src/stm32g4xx_hal_i2c_ex.o
                                      0xdfb1d (size before relaxing)
 .debug_str     0x00000000000e8e13      0x495 ./Drivers/STM32G4xx_HAL_Driver/Src/stm32g4xx_hal_pwr_ex.o
                                      0xdf9d8 (size before relaxing)
 .debug_str     0x00000000000e92a8      0x4c1 ./Drivers/STM32G4xx_HAL_Driver/Src/stm32g4xx_hal_rcc.o
                                      0xdfbe3 (size before relaxing)
 .debug_str     0x00000000000e9769      0x3f9 ./Drivers/STM32G4xx_HAL_Driver/Src/stm32g4xx_hal_rcc_ex.o
                                      0xdfbe4 (size before relaxing)
 .debug_str     0x00000000000e9b62      0x53e ./Drivers/STM32G4xx_HAL_Driver/Src/stm32g4xx_hal_spi.o
                                      0xdfe22 (size before relaxing)
 .debug_str     0x00000000000ea0a0      0xe24 ./Drivers/STM32G4xx_HAL_Driver/Src/stm32g4xx_hal_tim.o
                                      0xe09d8 (size before relaxing)
 .debug_str     0x00000000000eaec4      0x749 ./Drivers/STM32G4xx_HAL_Driver/Src/stm32g4xx_hal_tim_ex.o
                                      0xe065c (size before relaxing)
 .debug_str     0x00000000000eb60d      0x9ad ./Drivers/STM32G4xx_HAL_Driver/Src/stm32g4xx_hal_uart.o
                                      0xe047d (size before relaxing)
 .debug_str     0x00000000000ebfba      0x24a ./Drivers/STM32G4xx_HAL_Driver/Src/stm32g4xx_hal_uart_ex.o
                                      0xdfc61 (size before relaxing)

.comment        0x0000000000000000       0x50
 .comment       0x0000000000000000       0x50 ./Core/Src/main.o
                                         0x51 (size before relaxing)
 .comment       0x0000000000000050       0x51 ./Core/Src/stm32g4xx_hal_msp.o
 .comment       0x0000000000000050       0x51 ./Core/Src/stm32g4xx_it.o
 .comment       0x0000000000000050       0x51 ./Core/Src/system_stm32g4xx.o
 .comment       0x0000000000000050       0x51 ./Drivers/AS5x47PS/AS5x47P.o
 .comment       0x0000000000000050       0x51 ./Drivers/EncoderCalibration/EncoderCalibration.o
 .comment       0x0000000000000050       0x51 ./Drivers/STM32G4xx_HAL_Driver/Src/stm32g4xx_hal.o
 .comment       0x0000000000000050       0x51 ./Drivers/STM32G4xx_HAL_Driver/Src/stm32g4xx_hal_adc.o
 .comment       0x0000000000000050       0x51 ./Drivers/STM32G4xx_HAL_Driver/Src/stm32g4xx_hal_adc_ex.o
 .comment       0x0000000000000050       0x51 ./Drivers/STM32G4xx_HAL_Driver/Src/stm32g4xx_hal_comp.o
 .comment       0x0000000000000050       0x51 ./Drivers/STM32G4xx_HAL_Driver/Src/stm32g4xx_hal_cortex.o
 .comment       0x0000000000000050       0x51 ./Drivers/STM32G4xx_HAL_Driver/Src/stm32g4xx_hal_dac.o
 .comment       0x0000000000000050       0x51 ./Drivers/STM32G4xx_HAL_Driver/Src/stm32g4xx_hal_fdcan.o
 .comment       0x0000000000000050       0x51 ./Drivers/STM32G4xx_HAL_Driver/Src/stm32g4xx_hal_gpio.o
 .comment       0x0000000000000050       0x51 ./Drivers/STM32G4xx_HAL_Driver/Src/stm32g4xx_hal_i2c.o
 .comment       0x0000000000000050       0x51 ./Drivers/STM32G4xx_HAL_Driver/Src/stm32g4xx_hal_i2c_ex.o
 .comment       0x0000000000000050       0x51 ./Drivers/STM32G4xx_HAL_Driver/Src/stm32g4xx_hal_pwr_ex.o
 .comment       0x0000000000000050       0x51 ./Drivers/STM32G4xx_HAL_Driver/Src/stm32g4xx_hal_rcc.o
 .comment       0x0000000000000050       0x51 ./Drivers/STM32G4xx_HAL_Driver/Src/stm32g4xx_hal_rcc_ex.o
 .comment       0x0000000000000050       0x51 ./Drivers/STM32G4xx_HAL_Driver/Src/stm32g4xx_hal_spi.o
 .comment       0x0000000000000050       0x51 ./Drivers/STM32G4xx_HAL_Driver/Src/stm32g4xx_hal_tim.o
 .comment       0x0000000000000050       0x51 ./Drivers/STM32G4xx_HAL_Driver/Src/stm32g4xx_hal_tim_ex.o
 .comment       0x0000000000000050       0x51 ./Drivers/STM32G4xx_HAL_Driver/Src/stm32g4xx_hal_uart.o
 .comment       0x0000000000000050       0x51 ./Drivers/STM32G4xx_HAL_Driver/Src/stm32g4xx_hal_uart_ex.o

.debug_frame    0x0000000000000000     0x8334
 .debug_frame   0x0000000000000000      0x218 ./Core/Src/main.o
 .debug_frame   0x0000000000000218      0x2ec ./Core/Src/stm32g4xx_hal_msp.o
 .debug_frame   0x0000000000000504      0x158 ./Core/Src/stm32g4xx_it.o
 .debug_frame   0x000000000000065c       0x58 ./Core/Src/system_stm32g4xx.o
 .debug_frame   0x00000000000006b4      0x320 ./Drivers/AS5x47PS/AS5x47P.o